Archive member included to satisfy reference by file (symbol)

/Users/nicolasreyalonso/Library/Caches/arduino/sketches/3CC3DF17A4C40D296F81458C4C6C8AB4/../../cores/arduino_samd_mkrwan1310_ab960eb6e93c15758ab24ba6f3972f71/core.a(SERCOM.cpp.o)
                              /Users/nicolasreyalonso/Library/Caches/arduino/sketches/3CC3DF17A4C40D296F81458C4C6C8AB4/core/variant.cpp.o (SERCOM::SERCOM(Sercom*))
/Users/nicolasreyalonso/Library/Caches/arduino/sketches/3CC3DF17A4C40D296F81458C4C6C8AB4/../../cores/arduino_samd_mkrwan1310_ab960eb6e93c15758ab24ba6f3972f71/core.a(CDC.cpp.o)
                              /Users/nicolasreyalonso/Library/Caches/arduino/sketches/3CC3DF17A4C40D296F81458C4C6C8AB4/sketch/esclavo.ino.cpp.o (Serial_::begin(unsigned long))
/Users/nicolasreyalonso/Library/Caches/arduino/sketches/3CC3DF17A4C40D296F81458C4C6C8AB4/../../cores/arduino_samd_mkrwan1310_ab960eb6e93c15758ab24ba6f3972f71/core.a(USBCore.cpp.o)
                              /Users/nicolasreyalonso/Library/Caches/arduino/sketches/3CC3DF17A4C40D296F81458C4C6C8AB4/../../cores/arduino_samd_mkrwan1310_ab960eb6e93c15758ab24ba6f3972f71/core.a(CDC.cpp.o) (usbd)
/Users/nicolasreyalonso/Library/Caches/arduino/sketches/3CC3DF17A4C40D296F81458C4C6C8AB4/../../cores/arduino_samd_mkrwan1310_ab960eb6e93c15758ab24ba6f3972f71/core.a(Uart.cpp.o)
                              /Users/nicolasreyalonso/Library/Caches/arduino/sketches/3CC3DF17A4C40D296F81458C4C6C8AB4/core/variant.cpp.o (Uart::Uart(SERCOM*, unsigned char, unsigned char, SercomRXPad, SercomUartTXPad))
/Users/nicolasreyalonso/Library/Caches/arduino/sketches/3CC3DF17A4C40D296F81458C4C6C8AB4/../../cores/arduino_samd_mkrwan1310_ab960eb6e93c15758ab24ba6f3972f71/core.a(WInterrupts.c.o)
                              /Users/nicolasreyalonso/Library/Caches/arduino/sketches/3CC3DF17A4C40D296F81458C4C6C8AB4/libraries/LoRa/LoRa.cpp.o (attachInterrupt)
/Users/nicolasreyalonso/Library/Caches/arduino/sketches/3CC3DF17A4C40D296F81458C4C6C8AB4/../../cores/arduino_samd_mkrwan1310_ab960eb6e93c15758ab24ba6f3972f71/core.a(PluggableUSB.cpp.o)
                              /Users/nicolasreyalonso/Library/Caches/arduino/sketches/3CC3DF17A4C40D296F81458C4C6C8AB4/../../cores/arduino_samd_mkrwan1310_ab960eb6e93c15758ab24ba6f3972f71/core.a(USBCore.cpp.o) (arduino::PluggableUSB_::getInterface(unsigned char*))
/Users/nicolasreyalonso/Library/Caches/arduino/sketches/3CC3DF17A4C40D296F81458C4C6C8AB4/../../cores/arduino_samd_mkrwan1310_ab960eb6e93c15758ab24ba6f3972f71/core.a(Print.cpp.o)
                              /Users/nicolasreyalonso/Library/Caches/arduino/sketches/3CC3DF17A4C40D296F81458C4C6C8AB4/../../cores/arduino_samd_mkrwan1310_ab960eb6e93c15758ab24ba6f3972f71/core.a(Uart.cpp.o) (arduino::Print::write(unsigned char const*, unsigned int))
/Users/nicolasreyalonso/Library/Caches/arduino/sketches/3CC3DF17A4C40D296F81458C4C6C8AB4/../../cores/arduino_samd_mkrwan1310_ab960eb6e93c15758ab24ba6f3972f71/core.a(Stream.cpp.o)
                              /Users/nicolasreyalonso/Library/Caches/arduino/sketches/3CC3DF17A4C40D296F81458C4C6C8AB4/libraries/LoRa/LoRa.cpp.o (arduino::Stream::setTimeout(unsigned long))
/Users/nicolasreyalonso/Library/Caches/arduino/sketches/3CC3DF17A4C40D296F81458C4C6C8AB4/../../cores/arduino_samd_mkrwan1310_ab960eb6e93c15758ab24ba6f3972f71/core.a(String.cpp.o)
                              /Users/nicolasreyalonso/Library/Caches/arduino/sketches/3CC3DF17A4C40D296F81458C4C6C8AB4/../../cores/arduino_samd_mkrwan1310_ab960eb6e93c15758ab24ba6f3972f71/core.a(Stream.cpp.o) (arduino::String::String(char const*))
/Users/nicolasreyalonso/Library/Caches/arduino/sketches/3CC3DF17A4C40D296F81458C4C6C8AB4/../../cores/arduino_samd_mkrwan1310_ab960eb6e93c15758ab24ba6f3972f71/core.a(dtostrf.c.o)
                              /Users/nicolasreyalonso/Library/Caches/arduino/sketches/3CC3DF17A4C40D296F81458C4C6C8AB4/../../cores/arduino_samd_mkrwan1310_ab960eb6e93c15758ab24ba6f3972f71/core.a(String.cpp.o) (dtostrf)
/Users/nicolasreyalonso/Library/Caches/arduino/sketches/3CC3DF17A4C40D296F81458C4C6C8AB4/../../cores/arduino_samd_mkrwan1310_ab960eb6e93c15758ab24ba6f3972f71/core.a(cortex_handlers.c.o)
                              (Reset_Handler)
/Users/nicolasreyalonso/Library/Caches/arduino/sketches/3CC3DF17A4C40D296F81458C4C6C8AB4/../../cores/arduino_samd_mkrwan1310_ab960eb6e93c15758ab24ba6f3972f71/core.a(delay.c.o)
                              /Users/nicolasreyalonso/Library/Caches/arduino/sketches/3CC3DF17A4C40D296F81458C4C6C8AB4/../../cores/arduino_samd_mkrwan1310_ab960eb6e93c15758ab24ba6f3972f71/core.a(CDC.cpp.o) (millis)
/Users/nicolasreyalonso/Library/Caches/arduino/sketches/3CC3DF17A4C40D296F81458C4C6C8AB4/../../cores/arduino_samd_mkrwan1310_ab960eb6e93c15758ab24ba6f3972f71/core.a(hooks.c.o)
                              /Users/nicolasreyalonso/Library/Caches/arduino/sketches/3CC3DF17A4C40D296F81458C4C6C8AB4/libraries/LoRa/LoRa.cpp.o (yield)
[...]
Memory Configuration

Name             Origin             Length             Attributes
FLASH            0x0000000000002000 0x000000000003e000 xr
RAM              0x0000000020000000 0x0000000000008000 xrw
*default*        0x0000000000000000 0xffffffffffffffff

Linker script and memory map

LOAD /Users/nicolasreyalonso/Library/Arduino15/packages/arduino/tools/arm-none-eabi-gcc/7-2017q4/bin/../lib/gcc/arm-none-eabi/7.2.1/thumb/v6-m/crti.o
LOAD /Users/nicolasreyalonso/Library/Arduino15/packages/arduino/tools/arm-none-eabi-gcc/7-2017q4/bin/../lib/gcc/arm-none-eabi/7.2.1/thumb/v6-m/crtbegin.o
LOAD /Users/nicolasreyalonso/Library/Arduino15/packages/arduino/tools/arm-none-eabi-gcc/7-2017q4/bin/../lib/gcc/arm-none-eabi/7.2.1/../../../../arm-none-eabi/lib/thumb/v6-m/crt0.o
LOAD /Users/nicolasreyalonso/Library/Caches/arduino/sketches/3CC3DF17A4C40D296F81458C4C6C8AB4/sketch/esclavo.ino.cpp.o
LOAD /Users/nicolasreyalonso/Library/Caches/arduino/sketches/3CC3DF17A4C40D296F81458C4C6C8AB4/libraries/SPI/SPI.cpp.o
LOAD /Users/nicolasreyalonso/Library/Caches/arduino/sketches/3CC3DF17A4C40D296F81458C4C6C8AB4/libraries/LoRa/LoRa.cpp.o
LOAD /Users/nicolasreyalonso/Library/Caches/arduino/sketches/3CC3DF17A4C40D296F81458C4C6C8AB4/libraries/Arduino_BQ24195/BQ24195.cpp.o
LOAD /Users/nicolasreyalonso/Library/Caches/arduino/sketches/3CC3DF17A4C40D296F81458C4C6C8AB4/libraries/Wire/Wire.cpp.o
LOAD /Users/nicolasreyalonso/Library/Caches/arduino/sketches/3CC3DF17A4C40D296F81458C4C6C8AB4/core/variant.cpp.o
START GROUP
LOAD /Users/nicolasreyalonso/Library/Arduino15/packages/arduino/tools/CMSIS/4.5.0/CMSIS/Lib/GCC//libarm_cortexM0l_math.a
LOAD /Users/nicolasreyalonso/Library/Caches/arduino/sketches/3CC3DF17A4C40D296F81458C4C6C8AB4/../../cores/arduino_samd_mkrwan1310_ab960eb6e93c15758ab24ba6f3972f71/core.a
END GROUP
LOAD /Users/nicolasreyalonso/Library/Arduino15/packages/arduino/tools/arm-none-eabi-gcc/7-2017q4/bin/../lib/gcc/arm-none-eabi/7.2.1/../../../../arm-none-eabi/lib/thumb/v6-m/libstdc++_nano.a
LOAD /Users/nicolasreyalonso/Library/Arduino15/packages/arduino/tools/arm-none-eabi-gcc/7-2017q4/bin/../lib/gcc/arm-none-eabi/7.2.1/../../../../arm-none-eabi/lib/thumb/v6-m/libm.a
START GROUP
LOAD /Users/nicolasreyalonso/Library/Arduino15/packages/arduino/tools/arm-none-eabi-gcc/7-2017q4/bin/../lib/gcc/arm-none-eabi/7.2.1/thumb/v6-m/libgcc.a
LOAD /Users/nicolasreyalonso/Library/Arduino15/packages/arduino/tools/arm-none-eabi-gcc/7-2017q4/bin/../lib/gcc/arm-none-eabi/7.2.1/../../../../arm-none-eabi/lib/thumb/v6-m/libc_nano.a
END GROUP
START GROUP
LOAD /Users/nicolasreyalonso/Library/Arduino15/packages/arduino/tools/arm-none-eabi-gcc/7-2017q4/bin/../lib/gcc/arm-none-eabi/7.2.1/thumb/v6-m/libgcc.a
LOAD /Users/nicolasreyalonso/Library/Arduino15/packages/arduino/tools/arm-none-eabi-gcc/7-2017q4/bin/../lib/gcc/arm-none-eabi/7.2.1/../../../../arm-none-eabi/lib/thumb/v6-m/libc_nano.a
LOAD /Users/nicolasreyalonso/Library/Arduino15/packages/arduino/tools/arm-none-eabi-gcc/7-2017q4/bin/../lib/gcc/arm-none-eabi/7.2.1/../../../../arm-none-eabi/lib/thumb/v6-m/libnosys.a
END GROUP
START GROUP
LOAD /Users/nicolasreyalonso/Library/Arduino15/packages/arduino/tools/arm-none-eabi-gcc/7-2017q4/bin/../lib/gcc/arm-none-eabi/7.2.1/thumb/v6-m/libgcc.a
LOAD /Users/nicolasreyalonso/Library/Arduino15/packages/arduino/tools/arm-none-eabi-gcc/7-2017q4/bin/../lib/gcc/arm-none-eabi/7.2.1/../../../../arm-none-eabi/lib/thumb/v6-m/libc_nano.a
LOAD /Users/nicolasreyalonso/Library/Arduino15/packages/arduino/tools/arm-none-eabi-gcc/7-2017q4/bin/../lib/gcc/arm-none-eabi/7.2.1/../../../../arm-none-eabi/lib/thumb/v6-m/libnosys.a
END GROUP
LOAD /Users/nicolasreyalonso/Library/Arduino15/packages/arduino/tools/arm-none-eabi-gcc/7-2017q4/bin/../lib/gcc/arm-none-eabi/7.2.1/thumb/v6-m/crtend.o
LOAD /Users/nicolasreyalonso/Library/Arduino15/packages/arduino/tools/arm-none-eabi-gcc/7-2017q4/bin/../lib/gcc/arm-none-eabi/7.2.1/thumb/v6-m/crtn.o

.text           0x0000000000002000     0x8210
                0x0000000000002000                __text_start__ = .
 *(.sketch_boot)
                0x0000000000002000                . = ALIGN (0x2000)
 *(.isr_vector)
 .isr_vector    0x0000000000002000       0xb4 /Users/nicolasreyalonso/Library/Caches/arduino/sketches/3CC3DF17A4C40D296F81458C4C6C8AB4/../../cores/arduino_samd_mkrwan1310_ab960eb6e93c15758ab24ba6f3972f71/core.a(cortex_handlers.c.o)
                0x0000000000002000                exception_table
 *(.text*)
 .text          0x00000000000020b4       0x48 /Users/nicolasreyalonso/Library/Arduino15/packages/arduino/tools/arm-none-eabi-gcc/7-2017q4/bin/../lib/gcc/arm-none-eabi/7.2.1/thumb/v6-m/crtbegin.o
 .text._Z8onTxDonev
                0x00000000000020fc        0xc /Users/nicolasreyalonso/Library/Caches/arduino/sketches/3CC3DF17A4C40D296F81458C4C6C8AB4/sketch/esclavo.ino.cpp.o
                0x00000000000020fc                onTxDone()
 .text.loop     0x0000000000002108        0xa /Users/nicolasreyalonso/Library/Caches/arduino/sketches/3CC3DF17A4C40D296F81458C4C6C8AB4/sketch/esclavo.ino.cpp.o
                0x0000000000002108                loop
 *fill*         0x0000000000002112        0x2 
 .text._Z9init_PMICv
                0x0000000000002114      0x1f4 /Users/nicolasreyalonso/Library/Caches/arduino/sketches/3CC3DF17A4C40D296F81458C4C6C8AB4/sketch/esclavo.ino.cpp.o
                0x0000000000002114                init_PMIC()
 .text.setup    0x0000000000002308       0xdc /Users/nicolasreyalonso/Library/Caches/arduino/sketches/3CC3DF17A4C40D296F81458C4C6C8AB4/sketch/esclavo.ino.cpp.o
                0x0000000000002308                setup
 .text._Z21sendMessageBlockingTohhPhht
                0x00000000000023e4       0x58 /Users/nicolasreyalonso/Library/Caches/arduino/sketches/3CC3DF17A4C40D296F81458C4C6C8AB4/sketch/esclavo.ino.cpp.o
                0x00000000000023e4                sendMessageBlockingTo(unsigned char, unsigned char, unsigned char*, unsigned char, unsigned short)
 .text._Z9onReceivei
                0x000000000000243c      0x27c /Users/nicolasreyalonso/Library/Caches/arduino/sketches/3CC3DF17A4C40D296F81458C4C6C8AB4/sketch/esclavo.ino.cpp.o
                0x000000000000243c                onReceive(int)
 .text._ZN12SPIClassSAMD8transferEPvj
                0x00000000000026b8       0x1e /Users/nicolasreyalonso/Library/Caches/arduino/sketches/3CC3DF17A4C40D296F81458C4C6C8AB4/libraries/SPI/SPI.cpp.o
                0x00000000000026b8                SPIClassSAMD::transfer(void*, unsigned int)
 .text._ZN12SPIClassSAMD15attachInterruptEv
                0x00000000000026d6        0x2 /Users/nicolasreyalonso/Library/Caches/arduino/sketches/3CC3DF17A4C40D296F81458C4C6C8AB4/libraries/SPI/SPI.cpp.o
                0x00000000000026d6                SPIClassSAMD::attachInterrupt()
                0x00000000000026d6                SPIClassSAMD::detachInterrupt()
 .text._ZN12SPIClassSAMDD2Ev
                0x00000000000026d8        0x2 /Users/nicolasreyalonso/Library/Caches/arduino/sketches/3CC3DF17A4C40D296F81458C4C6C8AB4/libraries/SPI/SPI.cpp.o
                0x00000000000026d8                SPIClassSAMD::~SPIClassSAMD()
                0x00000000000026d8                SPIClassSAMD::~SPIClassSAMD()
 .text._ZN12SPIClassSAMD3endEv
                0x00000000000026da       0x10 /Users/nicolasreyalonso/Library/Caches/arduino/sketches/3CC3DF17A4C40D296F81458C4C6C8AB4/libraries/SPI/SPI.cpp.o
                0x00000000000026da                SPIClassSAMD::end()
 .text._ZN12SPIClassSAMD8transferEh
                0x00000000000026ea        0xa /Users/nicolasreyalonso/Library/Caches/arduino/sketches/3CC3DF17A4C40D296F81458C4C6C8AB4/libraries/SPI/SPI.cpp.o
                0x00000000000026ea                SPIClassSAMD::transfer(unsigned char)
 .text._ZN12SPIClassSAMD10transfer16Et
                0x00000000000026f4       0x58 /Users/nicolasreyalonso/Library/Caches/arduino/sketches/3CC3DF17A4C40D296F81458C4C6C8AB4/libraries/SPI/SPI.cpp.o
                0x00000000000026f4                SPIClassSAMD::transfer16(unsigned short)
 .text._ZN12SPIClassSAMDD0Ev
                0x000000000000274c        0xc /Users/nicolasreyalonso/Library/Caches/arduino/sketches/3CC3DF17A4C40D296F81458C4C6C8AB4/libraries/SPI/SPI.cpp.o
                0x000000000000274c                SPIClassSAMD::~SPIClassSAMD()
 .text._ZN12SPIClassSAMD14usingInterruptEi
                0x0000000000002758       0x44 /Users/nicolasreyalonso/Library/Caches/arduino/sketches/3CC3DF17A4C40D296F81458C4C6C8AB4/libraries/SPI/SPI.cpp.o
                0x0000000000002758                SPIClassSAMD::usingInterrupt(int)
 .text._ZN12SPIClassSAMD17notUsingInterruptEi
                0x000000000000279c       0x3c /Users/nicolasreyalonso/Library/Caches/arduino/sketches/3CC3DF17A4C40D296F81458C4C6C8AB4/libraries/SPI/SPI.cpp.o
                0x000000000000279c                SPIClassSAMD::notUsingInterrupt(int)
 .text._ZN12SPIClassSAMD14endTransactionEv
                0x00000000000027d8       0x28 /Users/nicolasreyalonso/Library/Caches/arduino/sketches/3CC3DF17A4C40D296F81458C4C6C8AB4/libraries/SPI/SPI.cpp.o
                0x00000000000027d8                SPIClassSAMD::endTransaction()
 .text._ZN12SPIClassSAMD4initEv
                0x0000000000002800       0x12 /Users/nicolasreyalonso/Library/Caches/arduino/sketches/3CC3DF17A4C40D296F81458C4C6C8AB4/libraries/SPI/SPI.cpp.o
                0x0000000000002800                SPIClassSAMD::init()
 *fill*         0x0000000000002812        0x2 
 .text._ZN12SPIClassSAMD6configEN7arduino11SPISettingsE
                0x0000000000002814       0x74 /Users/nicolasreyalonso/Library/Caches/arduino/sketches/3CC3DF17A4C40D296F81458C4C6C8AB4/libraries/SPI/SPI.cpp.o
                0x0000000000002814                SPIClassSAMD::config(arduino::SPISettings)
 .text._ZN12SPIClassSAMD5beginEv
                0x0000000000002888       0x50 /Users/nicolasreyalonso/Library/Caches/arduino/sketches/3CC3DF17A4C40D296F81458C4C6C8AB4/libraries/SPI/SPI.cpp.o
                0x0000000000002888                SPIClassSAMD::begin()
 .text._ZN12SPIClassSAMD16beginTransactionEN7arduino11SPISettingsE
                0x00000000000028d8       0x38 /Users/nicolasreyalonso/Library/Caches/arduino/sketches/3CC3DF17A4C40D296F81458C4C6C8AB4/libraries/SPI/SPI.cpp.o
                0x00000000000028d8                SPIClassSAMD::beginTransaction(arduino::SPISettings)
 .text.startup._GLOBAL__sub_I__ZN12SPIClassSAMDC2EP6SERCOMhhh14SercomSpiTXPad11SercomRXPad
                0x0000000000002910       0x98 /Users/nicolasreyalonso/Library/Caches/arduino/sketches/3CC3DF17A4C40D296F81458C4C6C8AB4/libraries/SPI/SPI.cpp.o
 .text._ZN7arduino5Print17availableForWriteEv
                0x00000000000029a8        0x4 /Users/nicolasreyalonso/Library/Caches/arduino/sketches/3CC3DF17A4C40D296F81458C4C6C8AB4/libraries/LoRa/LoRa.cpp.o
                0x00000000000029a8                arduino::Print::availableForWrite()
 .text._ZN9LoRaClass5writeEh
                0x00000000000029ac       0x14 /Users/nicolasreyalonso/Library/Caches/arduino/sketches/3CC3DF17A4C40D296F81458C4C6C8AB4/libraries/LoRa/LoRa.cpp.o
                0x00000000000029ac                LoRaClass::write(unsigned char)
 .text._ZN9LoRaClass5flushEv
                0x00000000000029c0        0x2 /Users/nicolasreyalonso/Library/Caches/arduino/sketches/3CC3DF17A4C40D296F81458C4C6C8AB4/libraries/LoRa/LoRa.cpp.o
                0x00000000000029c0                LoRaClass::flush()
 *fill*         0x00000000000029c2        0x2 
 .text._ZN9LoRaClassC2Ev
                0x00000000000029c4       0x4c /Users/nicolasreyalonso/Library/Caches/arduino/sketches/3CC3DF17A4C40D296F81458C4C6C8AB4/libraries/LoRa/LoRa.cpp.o
                0x00000000000029c4                LoRaClass::LoRaClass()
                0x00000000000029c4                LoRaClass::LoRaClass()
 .text._ZN9LoRaClass14singleTransferEhh
                0x0000000000002a10       0x4a /Users/nicolasreyalonso/Library/Caches/arduino/sketches/3CC3DF17A4C40D296F81458C4C6C8AB4/libraries/LoRa/LoRa.cpp.o
                0x0000000000002a10                LoRaClass::singleTransfer(unsigned char, unsigned char)
 .text._ZN9LoRaClass12readRegisterEh
                0x0000000000002a5a        0xe /Users/nicolasreyalonso/Library/Caches/arduino/sketches/3CC3DF17A4C40D296F81458C4C6C8AB4/libraries/LoRa/LoRa.cpp.o
                0x0000000000002a5a                LoRaClass::readRegister(unsigned char)
 .text._ZN9LoRaClass10packetRssiEv
                0x0000000000002a68       0x2c /Users/nicolasreyalonso/Library/Caches/arduino/sketches/3CC3DF17A4C40D296F81458C4C6C8AB4/libraries/LoRa/LoRa.cpp.o
                0x0000000000002a68                LoRaClass::packetRssi()
 .text._ZN9LoRaClass9packetSnrEv
                0x0000000000002a94       0x20 /Users/nicolasreyalonso/Library/Caches/arduino/sketches/3CC3DF17A4C40D296F81458C4C6C8AB4/libraries/LoRa/LoRa.cpp.o
                0x0000000000002a94                LoRaClass::packetSnr()
 .text._ZN9LoRaClass9availableEv
                0x0000000000002ab4       0x10 /Users/nicolasreyalonso/Library/Caches/arduino/sketches/3CC3DF17A4C40D296F81458C4C6C8AB4/libraries/LoRa/LoRa.cpp.o
                0x0000000000002ab4                LoRaClass::available()
 .text._ZN9LoRaClass4readEv
                0x0000000000002ac4       0x24 /Users/nicolasreyalonso/Library/Caches/arduino/sketches/3CC3DF17A4C40D296F81458C4C6C8AB4/libraries/LoRa/LoRa.cpp.o
                0x0000000000002ac4                LoRaClass::read()
 .text._ZN9LoRaClass18getSpreadingFactorEv
                0x0000000000002ae8        0xc /Users/nicolasreyalonso/Library/Caches/arduino/sketches/3CC3DF17A4C40D296F81458C4C6C8AB4/libraries/LoRa/LoRa.cpp.o
                0x0000000000002ae8                LoRaClass::getSpreadingFactor()
 .text._ZN9LoRaClass18getSignalBandwidthEv
                0x0000000000002af4       0x24 /Users/nicolasreyalonso/Library/Caches/arduino/sketches/3CC3DF17A4C40D296F81458C4C6C8AB4/libraries/LoRa/LoRa.cpp.o
                0x0000000000002af4                LoRaClass::getSignalBandwidth()
 .text._ZN9LoRaClass9endPacketEb
                0x0000000000002b18       0x46 /Users/nicolasreyalonso/Library/Caches/arduino/sketches/3CC3DF17A4C40D296F81458C4C6C8AB4/libraries/LoRa/LoRa.cpp.o
                0x0000000000002b18                LoRaClass::endPacket(bool)
 .text._ZN9LoRaClass14isTransmittingEv
                0x0000000000002b5e       0x2e /Users/nicolasreyalonso/Library/Caches/arduino/sketches/3CC3DF17A4C40D296F81458C4C6C8AB4/libraries/LoRa/LoRa.cpp.o
                0x0000000000002b5e                LoRaClass::isTransmitting()
 .text._ZN9LoRaClass5writeEPKhj
                0x0000000000002b8c       0x42 /Users/nicolasreyalonso/Library/Caches/arduino/sketches/3CC3DF17A4C40D296F81458C4C6C8AB4/libraries/LoRa/LoRa.cpp.o
                0x0000000000002b8c                LoRaClass::write(unsigned char const*, unsigned int)
 .text._ZN9LoRaClass4peekEv
                0x0000000000002bce       0x36 /Users/nicolasreyalonso/Library/Caches/arduino/sketches/3CC3DF17A4C40D296F81458C4C6C8AB4/libraries/LoRa/LoRa.cpp.o
                0x0000000000002bce                LoRaClass::peek()
 .text._ZN9LoRaClass4idleEv
                0x0000000000002c04        0xc /Users/nicolasreyalonso/Library/Caches/arduino/sketches/3CC3DF17A4C40D296F81458C4C6C8AB4/libraries/LoRa/LoRa.cpp.o
                0x0000000000002c04                LoRaClass::idle()
 .text._ZN9LoRaClass5sleepEv
                0x0000000000002c10        0xc /Users/nicolasreyalonso/Library/Caches/arduino/sketches/3CC3DF17A4C40D296F81458C4C6C8AB4/libraries/LoRa/LoRa.cpp.o
                0x0000000000002c10                LoRaClass::sleep()
 .text._ZN9LoRaClass12setFrequencyEl
                0x0000000000002c1c       0x44 /Users/nicolasreyalonso/Library/Caches/arduino/sketches/3CC3DF17A4C40D296F81458C4C6C8AB4/libraries/LoRa/LoRa.cpp.o
                0x0000000000002c1c                LoRaClass::setFrequency(long)
 .text._ZN9LoRaClass10setLdoFlagEv
                0x0000000000002c60       0x58 /Users/nicolasreyalonso/Library/Caches/arduino/sketches/3CC3DF17A4C40D296F81458C4C6C8AB4/libraries/LoRa/LoRa.cpp.o
                0x0000000000002c60                LoRaClass::setLdoFlag()
 .text._ZN9LoRaClass18setSpreadingFactorEi
                0x0000000000002cb8       0x62 /Users/nicolasreyalonso/Library/Caches/arduino/sketches/3CC3DF17A4C40D296F81458C4C6C8AB4/libraries/LoRa/LoRa.cpp.o
                0x0000000000002cb8                LoRaClass::setSpreadingFactor(int)
 *fill*         0x0000000000002d1a        0x2 
 .text._ZN9LoRaClass18setSignalBandwidthEl
                0x0000000000002d1c       0xf4 /Users/nicolasreyalonso/Library/Caches/arduino/sketches/3CC3DF17A4C40D296F81458C4C6C8AB4/libraries/LoRa/LoRa.cpp.o
                0x0000000000002d1c                LoRaClass::setSignalBandwidth(long)
 .text._ZN9LoRaClass14setCodingRate4Ei
                0x0000000000002e10       0x32 /Users/nicolasreyalonso/Library/Caches/arduino/sketches/3CC3DF17A4C40D296F81458C4C6C8AB4/libraries/LoRa/LoRa.cpp.o
                0x0000000000002e10                LoRaClass::setCodingRate4(int)
 .text._ZN9LoRaClass17setPreambleLengthEl
                0x0000000000002e42       0x1c /Users/nicolasreyalonso/Library/Caches/arduino/sketches/3CC3DF17A4C40D296F81458C4C6C8AB4/libraries/LoRa/LoRa.cpp.o
                0x0000000000002e42                LoRaClass::setPreambleLength(long)
 .text._ZN9LoRaClass11setSyncWordEi
                0x0000000000002e5e        0xc /Users/nicolasreyalonso/Library/Caches/arduino/sketches/3CC3DF17A4C40D296F81458C4C6C8AB4/libraries/LoRa/LoRa.cpp.o
                0x0000000000002e5e                LoRaClass::setSyncWord(int)
 .text._ZN9LoRaClass6setOCPEh
                0x0000000000002e6a       0x34 /Users/nicolasreyalonso/Library/Caches/arduino/sketches/3CC3DF17A4C40D296F81458C4C6C8AB4/libraries/LoRa/LoRa.cpp.o
                0x0000000000002e6a                LoRaClass::setOCP(unsigned char)
 .text._ZN9LoRaClass10setTxPowerEii.part.1
                0x0000000000002e9e       0x4c /Users/nicolasreyalonso/Library/Caches/arduino/sketches/3CC3DF17A4C40D296F81458C4C6C8AB4/libraries/LoRa/LoRa.cpp.o
 .text._ZN9LoRaClass10setTxPowerEii
                0x0000000000002eea       0x28 /Users/nicolasreyalonso/Library/Caches/arduino/sketches/3CC3DF17A4C40D296F81458C4C6C8AB4/libraries/LoRa/LoRa.cpp.o
                0x0000000000002eea                LoRaClass::setTxPower(int, int)
 .text._ZN9LoRaClass5beginEl
                0x0000000000002f12      0x106 /Users/nicolasreyalonso/Library/Caches/arduino/sketches/3CC3DF17A4C40D296F81458C4C6C8AB4/libraries/LoRa/LoRa.cpp.o
                0x0000000000002f12                LoRaClass::begin(long)
 .text._ZN9LoRaClass18explicitHeaderModeEv
                0x0000000000003018       0x1c /Users/nicolasreyalonso/Library/Caches/arduino/sketches/3CC3DF17A4C40D296F81458C4C6C8AB4/libraries/LoRa/LoRa.cpp.o
                0x0000000000003018                LoRaClass::explicitHeaderMode()
 .text._ZN9LoRaClass18implicitHeaderModeEv
                0x0000000000003034       0x1c /Users/nicolasreyalonso/Library/Caches/arduino/sketches/3CC3DF17A4C40D296F81458C4C6C8AB4/libraries/LoRa/LoRa.cpp.o
                0x0000000000003034                LoRaClass::implicitHeaderMode()
 .text._ZN9LoRaClass11beginPacketEi
                0x0000000000003050       0x40 /Users/nicolasreyalonso/Library/Caches/arduino/sketches/3CC3DF17A4C40D296F81458C4C6C8AB4/libraries/LoRa/LoRa.cpp.o
                0x0000000000003050                LoRaClass::beginPacket(int)
 .text._ZN9LoRaClass7receiveEi
                0x0000000000003090       0x34 /Users/nicolasreyalonso/Library/Caches/arduino/sketches/3CC3DF17A4C40D296F81458C4C6C8AB4/libraries/LoRa/LoRa.cpp.o
                0x0000000000003090                LoRaClass::receive(int)
 .text._ZN9LoRaClass14handleDio0RiseEv
                0x00000000000030c4       0x5e /Users/nicolasreyalonso/Library/Caches/arduino/sketches/3CC3DF17A4C40D296F81458C4C6C8AB4/libraries/LoRa/LoRa.cpp.o
                0x00000000000030c4                LoRaClass::handleDio0Rise()
 *fill*         0x0000000000003122        0x2 
 .text._ZN9LoRaClass10onDio0RiseEv
                0x0000000000003124       0x10 /Users/nicolasreyalonso/Library/Caches/arduino/sketches/3CC3DF17A4C40D296F81458C4C6C8AB4/libraries/LoRa/LoRa.cpp.o
                0x0000000000003124                LoRaClass::onDio0Rise()
 .text.startup._GLOBAL__sub_I__ZN9LoRaClassC2Ev
                0x0000000000003134       0x10 /Users/nicolasreyalonso/Library/Caches/arduino/sketches/3CC3DF17A4C40D296F81458C4C6C8AB4/libraries/LoRa/LoRa.cpp.o
 .text._ZN9LoRaClass9onReceiveEPFviE
                0x0000000000003144       0x44 /Users/nicolasreyalonso/Library/Caches/arduino/sketches/3CC3DF17A4C40D296F81458C4C6C8AB4/libraries/LoRa/LoRa.cpp.o
                0x0000000000003144                LoRaClass::onReceive(void (*)(int))
 .text._ZN9LoRaClass8onTxDoneEPFvvE
                0x0000000000003188       0x44 /Users/nicolasreyalonso/Library/Caches/arduino/sketches/3CC3DF17A4C40D296F81458C4C6C8AB4/libraries/LoRa/LoRa.cpp.o
                0x0000000000003188                LoRaClass::onTxDone(void (*)())
 .text._ZN9PMICClass12readRegisterEh
                0x00000000000031cc       0x4a /Users/nicolasreyalonso/Library/Caches/arduino/sketches/3CC3DF17A4C40D296F81458C4C6C8AB4/libraries/Arduino_BQ24195/BQ24195.cpp.o
                0x00000000000031cc                PMICClass::readRegister(unsigned char)
 *fill*         0x0000000000003216        0x2 
 .text._ZN9PMICClass23getMinimumSystemVoltageEv
                0x0000000000003218       0x34 /Users/nicolasreyalonso/Library/Caches/arduino/sketches/3CC3DF17A4C40D296F81458C4C6C8AB4/libraries/Arduino_BQ24195/BQ24195.cpp.o
                0x0000000000003218                PMICClass::getMinimumSystemVoltage()
 .text._ZN9PMICClass16getChargeCurrentEv
                0x000000000000324c       0x34 /Users/nicolasreyalonso/Library/Caches/arduino/sketches/3CC3DF17A4C40D296F81458C4C6C8AB4/libraries/Arduino_BQ24195/BQ24195.cpp.o
                0x000000000000324c                PMICClass::getChargeCurrent()
 .text._ZN9PMICClass16getChargeVoltageEv
                0x0000000000003280       0x34 /Users/nicolasreyalonso/Library/Caches/arduino/sketches/3CC3DF17A4C40D296F81458C4C6C8AB4/libraries/Arduino_BQ24195/BQ24195.cpp.o
                0x0000000000003280                PMICClass::getChargeVoltage()
 .text._ZN9PMICClass12chargeStatusEv
                0x00000000000032b4       0x12 /Users/nicolasreyalonso/Library/Caches/arduino/sketches/3CC3DF17A4C40D296F81458C4C6C8AB4/libraries/Arduino_BQ24195/BQ24195.cpp.o
                0x00000000000032b4                PMICClass::chargeStatus()
 .text._ZN9PMICClass11isPowerGoodEv
                0x00000000000032c6       0x16 /Users/nicolasreyalonso/Library/Caches/arduino/sketches/3CC3DF17A4C40D296F81458C4C6C8AB4/libraries/Arduino_BQ24195/BQ24195.cpp.o
                0x00000000000032c6                PMICClass::isPowerGood()
 .text._ZN9PMICClass15canRunOnBatteryEv
                0x00000000000032dc       0x14 /Users/nicolasreyalonso/Library/Caches/arduino/sketches/3CC3DF17A4C40D296F81458C4C6C8AB4/libraries/Arduino_BQ24195/BQ24195.cpp.o
                0x00000000000032dc                PMICClass::canRunOnBattery()
 .text._ZN9PMICClass15isBattConnectedEv
                0x00000000000032f0       0x16 /Users/nicolasreyalonso/Library/Caches/arduino/sketches/3CC3DF17A4C40D296F81458C4C6C8AB4/libraries/Arduino_BQ24195/BQ24195.cpp.o
                0x00000000000032f0                PMICClass::isBattConnected()
 .text._ZN9PMICClass13writeRegisterEhh
                0x0000000000003306       0x36 /Users/nicolasreyalonso/Library/Caches/arduino/sketches/3CC3DF17A4C40D296F81458C4C6C8AB4/libraries/Arduino_BQ24195/BQ24195.cpp.o
                0x0000000000003306                PMICClass::writeRegister(unsigned char, unsigned char)
 .text._ZN9PMICClass20setInputVoltageLimitEf
                0x000000000000333c       0xc0 /Users/nicolasreyalonso/Library/Caches/arduino/sketches/3CC3DF17A4C40D296F81458C4C6C8AB4/libraries/Arduino_BQ24195/BQ24195.cpp.o
                0x000000000000333c                PMICClass::setInputVoltageLimit(float)
 .text._ZN9PMICClass20setInputCurrentLimitEf
                0x00000000000033fc       0xcc /Users/nicolasreyalonso/Library/Caches/arduino/sketches/3CC3DF17A4C40D296F81458C4C6C8AB4/libraries/Arduino_BQ24195/BQ24195.cpp.o
                0x00000000000033fc                PMICClass::setInputCurrentLimit(float)
 .text._ZN9PMICClass23setMinimumSystemVoltageEf
                0x00000000000034c8       0xa4 /Users/nicolasreyalonso/Library/Caches/arduino/sketches/3CC3DF17A4C40D296F81458C4C6C8AB4/libraries/Arduino_BQ24195/BQ24195.cpp.o
                0x00000000000034c8                PMICClass::setMinimumSystemVoltage(float)
 .text._ZN9PMICClass16setChargeCurrentEf
                0x000000000000356c       0xc4 /Users/nicolasreyalonso/Library/Caches/arduino/sketches/3CC3DF17A4C40D296F81458C4C6C8AB4/libraries/Arduino_BQ24195/BQ24195.cpp.o
                0x000000000000356c                PMICClass::setChargeCurrent(float)
 .text._ZN9PMICClass5beginEv
                0x0000000000003630       0x3c /Users/nicolasreyalonso/Library/Caches/arduino/sketches/3CC3DF17A4C40D296F81458C4C6C8AB4/libraries/Arduino_BQ24195/BQ24195.cpp.o
                0x0000000000003630                PMICClass::begin()
 .text._ZN9PMICClass16setChargeVoltageEf
                0x000000000000366c       0xc8 /Users/nicolasreyalonso/Library/Caches/arduino/sketches/3CC3DF17A4C40D296F81458C4C6C8AB4/libraries/Arduino_BQ24195/BQ24195.cpp.o
                0x000000000000366c                PMICClass::setChargeVoltage(float)
 .text._ZN9PMICClass12enableBATFETEv
                0x0000000000003734       0x26 /Users/nicolasreyalonso/Library/Caches/arduino/sketches/3CC3DF17A4C40D296F81458C4C6C8AB4/libraries/Arduino_BQ24195/BQ24195.cpp.o
                0x0000000000003734                PMICClass::enableBATFET()
 .text._ZN9PMICClass12enableChargeEv
                0x000000000000375a       0x78 /Users/nicolasreyalonso/Library/Caches/arduino/sketches/3CC3DF17A4C40D296F81458C4C6C8AB4/libraries/Arduino_BQ24195/BQ24195.cpp.o
                0x000000000000375a                PMICClass::enableCharge()
 *fill*         0x00000000000037d2        0x2 
 .text.startup._GLOBAL__sub_I__ZN9PMICClassC2ERN7arduino7TwoWireE
                0x00000000000037d4       0x10 /Users/nicolasreyalonso/Library/Caches/arduino/sketches/3CC3DF17A4C40D296F81458C4C6C8AB4/libraries/Arduino_BQ24195/BQ24195.cpp.o
 .text._ZN7arduino7TwoWire11requestFromEhj
                0x00000000000037e4        0xc /Users/nicolasreyalonso/Library/Caches/arduino/sketches/3CC3DF17A4C40D296F81458C4C6C8AB4/libraries/Wire/Wire.cpp.o
                0x00000000000037e4                arduino::TwoWire::requestFrom(unsigned char, unsigned int)
 .text._ZN7arduino7TwoWire17beginTransmissionEh
                0x00000000000037f0       0x18 /Users/nicolasreyalonso/Library/Caches/arduino/sketches/3CC3DF17A4C40D296F81458C4C6C8AB4/libraries/Wire/Wire.cpp.o
                0x00000000000037f0                arduino::TwoWire::beginTransmission(unsigned char)
 .text._ZN7arduino7TwoWire15endTransmissionEv
                0x0000000000003808        0xc /Users/nicolasreyalonso/Library/Caches/arduino/sketches/3CC3DF17A4C40D296F81458C4C6C8AB4/libraries/Wire/Wire.cpp.o
                0x0000000000003808                arduino::TwoWire::endTransmission()
 .text._ZN7arduino7TwoWire5writeEPKhj
                0x0000000000003814       0x24 /Users/nicolasreyalonso/Library/Caches/arduino/sketches/3CC3DF17A4C40D296F81458C4C6C8AB4/libraries/Wire/Wire.cpp.o
                0x0000000000003814                arduino::TwoWire::write(unsigned char const*, unsigned int)
 .text._ZN7arduino7TwoWire9availableEv
                0x0000000000003838        0x6 /Users/nicolasreyalonso/Library/Caches/arduino/sketches/3CC3DF17A4C40D296F81458C4C6C8AB4/libraries/Wire/Wire.cpp.o
                0x0000000000003838                arduino::TwoWire::available()
 .text._ZN7arduino7TwoWire5flushEv
                0x000000000000383e        0x2 /Users/nicolasreyalonso/Library/Caches/arduino/sketches/3CC3DF17A4C40D296F81458C4C6C8AB4/libraries/Wire/Wire.cpp.o
                0x000000000000383e                arduino::TwoWire::flush()
 .text._ZN7arduino7TwoWire9onReceiveEPFviE
                0x0000000000003840        0x8 /Users/nicolasreyalonso/Library/Caches/arduino/sketches/3CC3DF17A4C40D296F81458C4C6C8AB4/libraries/Wire/Wire.cpp.o
                0x0000000000003840                arduino::TwoWire::onReceive(void (*)(int))
 .text._ZN7arduino7TwoWire9onRequestEPFvvE
                0x0000000000003848        0x8 /Users/nicolasreyalonso/Library/Caches/arduino/sketches/3CC3DF17A4C40D296F81458C4C6C8AB4/libraries/Wire/Wire.cpp.o
                0x0000000000003848                arduino::TwoWire::onRequest(void (*)())
 .text._ZN7arduino7TwoWire4peekEv
                0x0000000000003850       0x18 /Users/nicolasreyalonso/Library/Caches/arduino/sketches/3CC3DF17A4C40D296F81458C4C6C8AB4/libraries/Wire/Wire.cpp.o
                0x0000000000003850                arduino::TwoWire::peek()
 .text._ZN7arduino7TwoWire5beginEv
                0x0000000000003868       0x40 /Users/nicolasreyalonso/Library/Caches/arduino/sketches/3CC3DF17A4C40D296F81458C4C6C8AB4/libraries/Wire/Wire.cpp.o
                0x0000000000003868                arduino::TwoWire::begin()
 .text._ZN7arduino7TwoWire8setClockEm
                0x00000000000038a8       0x1c /Users/nicolasreyalonso/Library/Caches/arduino/sketches/3CC3DF17A4C40D296F81458C4C6C8AB4/libraries/Wire/Wire.cpp.o
                0x00000000000038a8                arduino::TwoWire::setClock(unsigned long)
 .text._ZN7arduino7TwoWire3endEv
                0x00000000000038c4        0xa /Users/nicolasreyalonso/Library/Caches/arduino/sketches/3CC3DF17A4C40D296F81458C4C6C8AB4/libraries/Wire/Wire.cpp.o
                0x00000000000038c4                arduino::TwoWire::end()
 *fill*         0x00000000000038ce        0x2 
 .text._ZN7arduino7TwoWireC2EP6SERCOMhh
                0x00000000000038d0       0x64 /Users/nicolasreyalonso/Library/Caches/arduino/sketches/3CC3DF17A4C40D296F81458C4C6C8AB4/libraries/Wire/Wire.cpp.o
                0x00000000000038d0                arduino::TwoWire::TwoWire(SERCOM*, unsigned char, unsigned char)
                0x00000000000038d0                arduino::TwoWire::TwoWire(SERCOM*, unsigned char, unsigned char)
 .text._ZN7arduino7TwoWire5beginEhb
                0x0000000000003934       0x38 /Users/nicolasreyalonso/Library/Caches/arduino/sketches/3CC3DF17A4C40D296F81458C4C6C8AB4/libraries/Wire/Wire.cpp.o
                0x0000000000003934                arduino::TwoWire::begin(unsigned char, bool)
 .text._ZN7arduino7TwoWire5beginEh
                0x000000000000396c        0xa /Users/nicolasreyalonso/Library/Caches/arduino/sketches/3CC3DF17A4C40D296F81458C4C6C8AB4/libraries/Wire/Wire.cpp.o
                0x000000000000396c                arduino::TwoWire::begin(unsigned char)
 .text._ZN7arduino11RingBufferNILi256EE10store_charEh
                0x0000000000003976       0x24 /Users/nicolasreyalonso/Library/Caches/arduino/sketches/3CC3DF17A4C40D296F81458C4C6C8AB4/libraries/Wire/Wire.cpp.o
                0x0000000000003976                arduino::RingBufferN<256>::store_char(unsigned char)
 .text._ZN7arduino7TwoWire11requestFromEhjb
                0x000000000000399a       0x90 /Users/nicolasreyalonso/Library/Caches/arduino/sketches/3CC3DF17A4C40D296F81458C4C6C8AB4/libraries/Wire/Wire.cpp.o
                0x000000000000399a                arduino::TwoWire::requestFrom(unsigned char, unsigned int, bool)
 .text._ZN7arduino7TwoWire5writeEh
                0x0000000000003a2a       0x28 /Users/nicolasreyalonso/Library/Caches/arduino/sketches/3CC3DF17A4C40D296F81458C4C6C8AB4/libraries/Wire/Wire.cpp.o
                0x0000000000003a2a                arduino::TwoWire::write(unsigned char)
 .text._ZN7arduino11RingBufferNILi256EE9read_charEv
                0x0000000000003a52       0x24 /Users/nicolasreyalonso/Library/Caches/arduino/sketches/3CC3DF17A4C40D296F81458C4C6C8AB4/libraries/Wire/Wire.cpp.o
                0x0000000000003a52                arduino::RingBufferN<256>::read_char()
 .text._ZN7arduino7TwoWire15endTransmissionEb
                0x0000000000003a76       0x66 /Users/nicolasreyalonso/Library/Caches/arduino/sketches/3CC3DF17A4C40D296F81458C4C6C8AB4/libraries/Wire/Wire.cpp.o
                0x0000000000003a76                arduino::TwoWire::endTransmission(bool)
 .text._ZN7arduino7TwoWire4readEv
                0x0000000000003adc        0xa /Users/nicolasreyalonso/Library/Caches/arduino/sketches/3CC3DF17A4C40D296F81458C4C6C8AB4/libraries/Wire/Wire.cpp.o
                0x0000000000003adc                arduino::TwoWire::read()
 .text._ZN7arduino7TwoWire9onServiceEv
                0x0000000000003ae6      0x114 /Users/nicolasreyalonso/Library/Caches/arduino/sketches/3CC3DF17A4C40D296F81458C4C6C8AB4/libraries/Wire/Wire.cpp.o
                0x0000000000003ae6                arduino::TwoWire::onService()
 *fill*         0x0000000000003bfa        0x2 
 .text.SERCOM2_Handler
                0x0000000000003bfc       0x10 /Users/nicolasreyalonso/Library/Caches/arduino/sketches/3CC3DF17A4C40D296F81458C4C6C8AB4/libraries/Wire/Wire.cpp.o
                0x0000000000003bfc                SERCOM2_Handler
 .text.startup._GLOBAL__sub_I__ZN7arduino7TwoWireC2EP6SERCOMhh
                0x0000000000003c0c       0x18 /Users/nicolasreyalonso/Library/Caches/arduino/sketches/3CC3DF17A4C40D296F81458C4C6C8AB4/libraries/Wire/Wire.cpp.o
 .text.initVariant
                0x0000000000003c24       0xcc /Users/nicolasreyalonso/Library/Caches/arduino/sketches/3CC3DF17A4C40D296F81458C4C6C8AB4/core/variant.cpp.o
                0x0000000000003c24                initVariant
 .text.SERCOM5_Handler
                0x0000000000003cf0       0x10 /Users/nicolasreyalonso/Library/Caches/arduino/sketches/3CC3DF17A4C40D296F81458C4C6C8AB4/core/variant.cpp.o
                0x0000000000003cf0                SERCOM5_Handler
 .text.SERCOM4_Handler
                0x0000000000003d00       0x10 /Users/nicolasreyalonso/Library/Caches/arduino/sketches/3CC3DF17A4C40D296F81458C4C6C8AB4/core/variant.cpp.o
                0x0000000000003d00                SERCOM4_Handler
 .text.startup._GLOBAL__sub_I_g_APinDescription
                0x0000000000003d10       0x98 /Users/nicolasreyalonso/Library/Caches/arduino/sketches/3CC3DF17A4C40D296F81458C4C6C8AB4/core/variant.cpp.o
 .text._ZN6SERCOMC2EP6Sercom
                0x0000000000003da8        0x8 /Users/nicolasreyalonso/Library/Caches/arduino/sketches/3CC3DF17A4C40D296F81458C4C6C8AB4/../../cores/arduino_samd_mkrwan1310_ab960eb6e93c15758ab24ba6f3972f71/core.a(SERCOM.cpp.o)
                0x0000000000003da8                SERCOM::SERCOM(Sercom*)
                0x0000000000003da8                SERCOM::SERCOM(Sercom*)
 .text._ZN6SERCOM9initFrameE18SercomUartCharSize15SercomDataOrder16SercomParityMode19SercomNumberStopBit
                0x0000000000003db0       0x3a /Users/nicolasreyalonso/Library/Caches/arduino/sketches/3CC3DF17A4C40D296F81458C4C6C8AB4/../../cores/arduino_samd_mkrwan1310_ab960eb6e93c15758ab24ba6f3972f71/core.a(SERCOM.cpp.o)
                0x0000000000003db0                SERCOM::initFrame(SercomUartCharSize, SercomDataOrder, SercomParityMode, SercomNumberStopBit)
 .text._ZN6SERCOM8initPadsE15SercomUartTXPad11SercomRXPad
                0x0000000000003dea       0x26 /Users/nicolasreyalonso/Library/Caches/arduino/sketches/3CC3DF17A4C40D296F81458C4C6C8AB4/../../cores/arduino_samd_mkrwan1310_ab960eb6e93c15758ab24ba6f3972f71/core.a(SERCOM.cpp.o)
                0x0000000000003dea                SERCOM::initPads(SercomUartTXPad, SercomRXPad)
 .text._ZN6SERCOM9resetUARTEv
                0x0000000000003e10       0x1a /Users/nicolasreyalonso/Library/Caches/arduino/sketches/3CC3DF17A4C40D296F81458C4C6C8AB4/../../cores/arduino_samd_mkrwan1310_ab960eb6e93c15758ab24ba6f3972f71/core.a(SERCOM.cpp.o)
                0x0000000000003e10                SERCOM::resetUART()
 .text._ZN6SERCOM10enableUARTEv
                0x0000000000003e2a       0x14 /Users/nicolasreyalonso/Library/Caches/arduino/sketches/3CC3DF17A4C40D296F81458C4C6C8AB4/../../cores/arduino_samd_mkrwan1310_ab960eb6e93c15758ab24ba6f3972f71/core.a(SERCOM.cpp.o)
                0x0000000000003e2a                SERCOM::enableUART()
 .text._ZN6SERCOM9flushUARTEv
                0x0000000000003e3e       0x14 /Users/nicolasreyalonso/Library/Caches/arduino/sketches/3CC3DF17A4C40D296F81458C4C6C8AB4/../../cores/arduino_samd_mkrwan1310_ab960eb6e93c15758ab24ba6f3972f71/core.a(SERCOM.cpp.o)
                0x0000000000003e3e                SERCOM::flushUART()
 .text._ZN6SERCOM15clearStatusUARTEv
                0x0000000000003e52        0x8 /Users/nicolasreyalonso/Library/Caches/arduino/sketches/3CC3DF17A4C40D296F81458C4C6C8AB4/../../cores/arduino_samd_mkrwan1310_ab960eb6e93c15758ab24ba6f3972f71/core.a(SERCOM.cpp.o)
                0x0000000000003e52                SERCOM::clearStatusUART()
 .text._ZN6SERCOM17availableDataUARTEv
                0x0000000000003e5a        0xa /Users/nicolasreyalonso/Library/Caches/arduino/sketches/3CC3DF17A4C40D296F81458C4C6C8AB4/../../cores/arduino_samd_mkrwan1310_ab960eb6e93c15758ab24ba6f3972f71/core.a(SERCOM.cpp.o)
                0x0000000000003e5a                SERCOM::availableDataUART()
 .text._ZN6SERCOM11isUARTErrorEv
                0x0000000000003e64        0x8 /Users/nicolasreyalonso/Library/Caches/arduino/sketches/3CC3DF17A4C40D296F81458C4C6C8AB4/../../cores/arduino_samd_mkrwan1310_ab960eb6e93c15758ab24ba6f3972f71/core.a(SERCOM.cpp.o)
                0x0000000000003e64                SERCOM::isUARTError()
 .text._ZN6SERCOM20acknowledgeUARTErrorEv
                0x0000000000003e6c        0xe /Users/nicolasreyalonso/Library/Caches/arduino/sketches/3CC3DF17A4C40D296F81458C4C6C8AB4/../../cores/arduino_samd_mkrwan1310_ab960eb6e93c15758ab24ba6f3972f71/core.a(SERCOM.cpp.o)
                0x0000000000003e6c                SERCOM::acknowledgeUARTError()
 .text._ZN6SERCOM16isFrameErrorUARTEv
                0x0000000000003e7a        0xa /Users/nicolasreyalonso/Library/Caches/arduino/sketches/3CC3DF17A4C40D296F81458C4C6C8AB4/../../cores/arduino_samd_mkrwan1310_ab960eb6e93c15758ab24ba6f3972f71/core.a(SERCOM.cpp.o)
                0x0000000000003e7a                SERCOM::isFrameErrorUART()
 .text._ZN6SERCOM19clearFrameErrorUARTEv
                0x0000000000003e84        0xc /Users/nicolasreyalonso/Library/Caches/arduino/sketches/3CC3DF17A4C40D296F81458C4C6C8AB4/../../cores/arduino_samd_mkrwan1310_ab960eb6e93c15758ab24ba6f3972f71/core.a(SERCOM.cpp.o)
                0x0000000000003e84                SERCOM::clearFrameErrorUART()
 .text._ZN6SERCOM23isDataRegisterEmptyUARTEv
                0x0000000000003e90        0xa /Users/nicolasreyalonso/Library/Caches/arduino/sketches/3CC3DF17A4C40D296F81458C4C6C8AB4/../../cores/arduino_samd_mkrwan1310_ab960eb6e93c15758ab24ba6f3972f71/core.a(SERCOM.cpp.o)
                0x0000000000003e90                SERCOM::isDataRegisterEmptyUART()
 .text._ZN6SERCOM12readDataUARTEv
                0x0000000000003e9a        0x8 /Users/nicolasreyalonso/Library/Caches/arduino/sketches/3CC3DF17A4C40D296F81458C4C6C8AB4/../../cores/arduino_samd_mkrwan1310_ab960eb6e93c15758ab24ba6f3972f71/core.a(SERCOM.cpp.o)
                0x0000000000003e9a                SERCOM::readDataUART()
 .text._ZN6SERCOM13writeDataUARTEh
                0x0000000000003ea2       0x14 /Users/nicolasreyalonso/Library/Caches/arduino/sketches/3CC3DF17A4C40D296F81458C4C6C8AB4/../../cores/arduino_samd_mkrwan1310_ab960eb6e93c15758ab24ba6f3972f71/core.a(SERCOM.cpp.o)
                0x0000000000003ea2                SERCOM::writeDataUART(unsigned char)
 .text._ZN6SERCOM36enableDataRegisterEmptyInterruptUARTEv
                0x0000000000003eb6        0x8 /Users/nicolasreyalonso/Library/Caches/arduino/sketches/3CC3DF17A4C40D296F81458C4C6C8AB4/../../cores/arduino_samd_mkrwan1310_ab960eb6e93c15758ab24ba6f3972f71/core.a(SERCOM.cpp.o)
                0x0000000000003eb6                SERCOM::enableDataRegisterEmptyInterruptUART()
 .text._ZN6SERCOM37disableDataRegisterEmptyInterruptUARTEv
                0x0000000000003ebe        0x8 /Users/nicolasreyalonso/Library/Caches/arduino/sketches/3CC3DF17A4C40D296F81458C4C6C8AB4/../../cores/arduino_samd_mkrwan1310_ab960eb6e93c15758ab24ba6f3972f71/core.a(SERCOM.cpp.o)
                0x0000000000003ebe                SERCOM::disableDataRegisterEmptyInterruptUART()
 *fill*         0x0000000000003ec6        0x2 
 .text._ZN6SERCOM12initSPIClockE18SercomSpiClockModem
                0x0000000000003ec8       0x30 /Users/nicolasreyalonso/Library/Caches/arduino/sketches/3CC3DF17A4C40D296F81458C4C6C8AB4/../../cores/arduino_samd_mkrwan1310_ab960eb6e93c15758ab24ba6f3972f71/core.a(SERCOM.cpp.o)
                0x0000000000003ec8                SERCOM::initSPIClock(SercomSpiClockMode, unsigned long)
 .text._ZN6SERCOM8resetSPIEv
                0x0000000000003ef8       0x1a /Users/nicolasreyalonso/Library/Caches/arduino/sketches/3CC3DF17A4C40D296F81458C4C6C8AB4/../../cores/arduino_samd_mkrwan1310_ab960eb6e93c15758ab24ba6f3972f71/core.a(SERCOM.cpp.o)
                0x0000000000003ef8                SERCOM::resetSPI()
 .text._ZN6SERCOM9enableSPIEv
                0x0000000000003f12       0x14 /Users/nicolasreyalonso/Library/Caches/arduino/sketches/3CC3DF17A4C40D296F81458C4C6C8AB4/../../cores/arduino_samd_mkrwan1310_ab960eb6e93c15758ab24ba6f3972f71/core.a(SERCOM.cpp.o)
                0x0000000000003f12                SERCOM::enableSPI()
 .text._ZN6SERCOM10disableSPIEv
                0x0000000000003f26       0x12 /Users/nicolasreyalonso/Library/Caches/arduino/sketches/3CC3DF17A4C40D296F81458C4C6C8AB4/../../cores/arduino_samd_mkrwan1310_ab960eb6e93c15758ab24ba6f3972f71/core.a(SERCOM.cpp.o)
                0x0000000000003f26                SERCOM::disableSPI()
 .text._ZN6SERCOM15getDataOrderSPIEv
                0x0000000000003f38        0xa /Users/nicolasreyalonso/Library/Caches/arduino/sketches/3CC3DF17A4C40D296F81458C4C6C8AB4/../../cores/arduino_samd_mkrwan1310_ab960eb6e93c15758ab24ba6f3972f71/core.a(SERCOM.cpp.o)
                0x0000000000003f38                SERCOM::getDataOrderSPI()
 .text._ZN6SERCOM15transferDataSPIEh
                0x0000000000003f42       0x1a /Users/nicolasreyalonso/Library/Caches/arduino/sketches/3CC3DF17A4C40D296F81458C4C6C8AB4/../../cores/arduino_samd_mkrwan1310_ab960eb6e93c15758ab24ba6f3972f71/core.a(SERCOM.cpp.o)
                0x0000000000003f42                SERCOM::transferDataSPI(unsigned char)
 .text._ZN6SERCOM9resetWIREEv
                0x0000000000003f5c       0x1a /Users/nicolasreyalonso/Library/Caches/arduino/sketches/3CC3DF17A4C40D296F81458C4C6C8AB4/../../cores/arduino_samd_mkrwan1310_ab960eb6e93c15758ab24ba6f3972f71/core.a(SERCOM.cpp.o)
                0x0000000000003f5c                SERCOM::resetWIRE()
 .text._ZN6SERCOM10enableWIREEv
                0x0000000000003f76       0x2a /Users/nicolasreyalonso/Library/Caches/arduino/sketches/3CC3DF17A4C40D296F81458C4C6C8AB4/../../cores/arduino_samd_mkrwan1310_ab960eb6e93c15758ab24ba6f3972f71/core.a(SERCOM.cpp.o)
                0x0000000000003f76                SERCOM::enableWIRE()
 .text._ZN6SERCOM11disableWIREEv
                0x0000000000003fa0       0x14 /Users/nicolasreyalonso/Library/Caches/arduino/sketches/3CC3DF17A4C40D296F81458C4C6C8AB4/../../cores/arduino_samd_mkrwan1310_ab960eb6e93c15758ab24ba6f3972f71/core.a(SERCOM.cpp.o)
                0x0000000000003fa0                SERCOM::disableWIRE()
 .text._ZN6SERCOM18prepareNackBitWIREEv
                0x0000000000003fb4       0x10 /Users/nicolasreyalonso/Library/Caches/arduino/sketches/3CC3DF17A4C40D296F81458C4C6C8AB4/../../cores/arduino_samd_mkrwan1310_ab960eb6e93c15758ab24ba6f3972f71/core.a(SERCOM.cpp.o)
                0x0000000000003fb4                SERCOM::prepareNackBitWIRE()
 .text._ZN6SERCOM17prepareAckBitWIREEv
                0x0000000000003fc4       0x14 /Users/nicolasreyalonso/Library/Caches/arduino/sketches/3CC3DF17A4C40D296F81458C4C6C8AB4/../../cores/arduino_samd_mkrwan1310_ab960eb6e93c15758ab24ba6f3972f71/core.a(SERCOM.cpp.o)
                0x0000000000003fc4                SERCOM::prepareAckBitWIRE()
 .text._ZN6SERCOM22prepareCommandBitsWireEh
                0x0000000000003fd8       0x2c /Users/nicolasreyalonso/Library/Caches/arduino/sketches/3CC3DF17A4C40D296F81458C4C6C8AB4/../../cores/arduino_samd_mkrwan1310_ab960eb6e93c15758ab24ba6f3972f71/core.a(SERCOM.cpp.o)
                0x0000000000003fd8                SERCOM::prepareCommandBitsWire(unsigned char)
 .text._ZN6SERCOM21startTransmissionWIREEh23SercomWireReadWriteFlag
                0x0000000000004004       0x84 /Users/nicolasreyalonso/Library/Caches/arduino/sketches/3CC3DF17A4C40D296F81458C4C6C8AB4/../../cores/arduino_samd_mkrwan1310_ab960eb6e93c15758ab24ba6f3972f71/core.a(SERCOM.cpp.o)
                0x0000000000004004                SERCOM::startTransmissionWIRE(unsigned char, SercomWireReadWriteFlag)
 .text._ZN6SERCOM18sendDataMasterWIREEh
                0x0000000000004088       0x30 /Users/nicolasreyalonso/Library/Caches/arduino/sketches/3CC3DF17A4C40D296F81458C4C6C8AB4/../../cores/arduino_samd_mkrwan1310_ab960eb6e93c15758ab24ba6f3972f71/core.a(SERCOM.cpp.o)
                0x0000000000004088                SERCOM::sendDataMasterWIRE(unsigned char)
 .text._ZN6SERCOM17sendDataSlaveWIREEh
                0x00000000000040b8       0x1c /Users/nicolasreyalonso/Library/Caches/arduino/sketches/3CC3DF17A4C40D296F81458C4C6C8AB4/../../cores/arduino_samd_mkrwan1310_ab960eb6e93c15758ab24ba6f3972f71/core.a(SERCOM.cpp.o)
                0x00000000000040b8                SERCOM::sendDataSlaveWIRE(unsigned char)
 .text._ZN6SERCOM11isSlaveWIREEv
                0x00000000000040d4       0x12 /Users/nicolasreyalonso/Library/Caches/arduino/sketches/3CC3DF17A4C40D296F81458C4C6C8AB4/../../cores/arduino_samd_mkrwan1310_ab960eb6e93c15758ab24ba6f3972f71/core.a(SERCOM.cpp.o)
                0x00000000000040d4                SERCOM::isSlaveWIRE()
 .text._ZN6SERCOM14isBusOwnerWIREEv
                0x00000000000040e6       0x12 /Users/nicolasreyalonso/Library/Caches/arduino/sketches/3CC3DF17A4C40D296F81458C4C6C8AB4/../../cores/arduino_samd_mkrwan1310_ab960eb6e93c15758ab24ba6f3972f71/core.a(SERCOM.cpp.o)
                0x00000000000040e6                SERCOM::isBusOwnerWIRE()
 .text._ZN6SERCOM15isDataReadyWIREEv
                0x00000000000040f8        0xa /Users/nicolasreyalonso/Library/Caches/arduino/sketches/3CC3DF17A4C40D296F81458C4C6C8AB4/../../cores/arduino_samd_mkrwan1310_ab960eb6e93c15758ab24ba6f3972f71/core.a(SERCOM.cpp.o)
                0x00000000000040f8                SERCOM::isDataReadyWIRE()
 .text._ZN6SERCOM18isStopDetectedWIREEv
                0x0000000000004102        0xa /Users/nicolasreyalonso/Library/Caches/arduino/sketches/3CC3DF17A4C40D296F81458C4C6C8AB4/../../cores/arduino_samd_mkrwan1310_ab960eb6e93c15758ab24ba6f3972f71/core.a(SERCOM.cpp.o)
                0x0000000000004102                SERCOM::isStopDetectedWIRE()
 .text._ZN6SERCOM21isRestartDetectedWIREEv
                0x000000000000410c        0xa /Users/nicolasreyalonso/Library/Caches/arduino/sketches/3CC3DF17A4C40D296F81458C4C6C8AB4/../../cores/arduino_samd_mkrwan1310_ab960eb6e93c15758ab24ba6f3972f71/core.a(SERCOM.cpp.o)
                0x000000000000410c                SERCOM::isRestartDetectedWIRE()
 .text._ZN6SERCOM14isAddressMatchEv
                0x0000000000004116        0xa /Users/nicolasreyalonso/Library/Caches/arduino/sketches/3CC3DF17A4C40D296F81458C4C6C8AB4/../../cores/arduino_samd_mkrwan1310_ab960eb6e93c15758ab24ba6f3972f71/core.a(SERCOM.cpp.o)
                0x0000000000004116                SERCOM::isAddressMatch()
 .text._ZN6SERCOM25isMasterReadOperationWIREEv
                0x0000000000004120        0xa /Users/nicolasreyalonso/Library/Caches/arduino/sketches/3CC3DF17A4C40D296F81458C4C6C8AB4/../../cores/arduino_samd_mkrwan1310_ab960eb6e93c15758ab24ba6f3972f71/core.a(SERCOM.cpp.o)
                0x0000000000004120                SERCOM::isMasterReadOperationWIRE()
 .text._ZN6SERCOM12readDataWIREEv
                0x000000000000412a       0x20 /Users/nicolasreyalonso/Library/Caches/arduino/sketches/3CC3DF17A4C40D296F81458C4C6C8AB4/../../cores/arduino_samd_mkrwan1310_ab960eb6e93c15758ab24ba6f3972f71/core.a(SERCOM.cpp.o)
                0x000000000000412a                SERCOM::readDataWIRE()
 *fill*         0x000000000000414a        0x2 
 .text._ZN6SERCOM13initClockNVICEv
                0x000000000000414c       0xa8 /Users/nicolasreyalonso/Library/Caches/arduino/sketches/3CC3DF17A4C40D296F81458C4C6C8AB4/../../cores/arduino_samd_mkrwan1310_ab960eb6e93c15758ab24ba6f3972f71/core.a(SERCOM.cpp.o)
                0x000000000000414c                SERCOM::initClockNVIC()
 .text._ZN6SERCOM8initUARTE14SercomUartMode20SercomUartSampleRatem
                0x00000000000041f4       0x6c /Users/nicolasreyalonso/Library/Caches/arduino/sketches/3CC3DF17A4C40D296F81458C4C6C8AB4/../../cores/arduino_samd_mkrwan1310_ab960eb6e93c15758ab24ba6f3972f71/core.a(SERCOM.cpp.o)
                0x00000000000041f4                SERCOM::initUART(SercomUartMode, SercomUartSampleRate, unsigned long)
 .text._ZN6SERCOM7initSPIE14SercomSpiTXPad11SercomRXPad17SercomSpiCharSize15SercomDataOrder
                0x0000000000004260       0x4a /Users/nicolasreyalonso/Library/Caches/arduino/sketches/3CC3DF17A4C40D296F81458C4C6C8AB4/../../cores/arduino_samd_mkrwan1310_ab960eb6e93c15758ab24ba6f3972f71/core.a(SERCOM.cpp.o)
                0x0000000000004260                SERCOM::initSPI(SercomSpiTXPad, SercomRXPad, SercomSpiCharSize, SercomDataOrder)
 .text._ZN6SERCOM13initSlaveWIREEhb
                0x00000000000042aa       0x4a /Users/nicolasreyalonso/Library/Caches/arduino/sketches/3CC3DF17A4C40D296F81458C4C6C8AB4/../../cores/arduino_samd_mkrwan1310_ab960eb6e93c15758ab24ba6f3972f71/core.a(SERCOM.cpp.o)
                0x00000000000042aa                SERCOM::initSlaveWIRE(unsigned char, bool)
 .text._ZN6SERCOM14initMasterWIREEm
                0x00000000000042f4       0x54 /Users/nicolasreyalonso/Library/Caches/arduino/sketches/3CC3DF17A4C40D296F81458C4C6C8AB4/../../cores/arduino_samd_mkrwan1310_ab960eb6e93c15758ab24ba6f3972f71/core.a(SERCOM.cpp.o)
                0x00000000000042f4                SERCOM::initMasterWIRE(unsigned long)
 .text._ZN7Serial_13getDescriptorERN7arduino8USBSetupE
                0x0000000000004348        0x4 /Users/nicolasreyalonso/Library/Caches/arduino/sketches/3CC3DF17A4C40D296F81458C4C6C8AB4/../../cores/arduino_samd_mkrwan1310_ab960eb6e93c15758ab24ba6f3972f71/core.a(CDC.cpp.o)
                0x0000000000004348                Serial_::getDescriptor(arduino::USBSetup&)
 .text._ZL5utox8mPc
                0x000000000000434c       0x24 /Users/nicolasreyalonso/Library/Caches/arduino/sketches/3CC3DF17A4C40D296F81458C4C6C8AB4/../../cores/arduino_samd_mkrwan1310_ab960eb6e93c15758ab24ba6f3972f71/core.a(CDC.cpp.o)
 .text._ZN7Serial_12getShortNameEPc
                0x0000000000004370       0x44 /Users/nicolasreyalonso/Library/Caches/arduino/sketches/3CC3DF17A4C40D296F81458C4C6C8AB4/../../cores/arduino_samd_mkrwan1310_ab960eb6e93c15758ab24ba6f3972f71/core.a(CDC.cpp.o)
                0x0000000000004370                Serial_::getShortName(char*)
 .text._ZThn16_N7Serial_12getShortNameEPc
                0x00000000000043b4       0x10 /Users/nicolasreyalonso/Library/Caches/arduino/sketches/3CC3DF17A4C40D296F81458C4C6C8AB4/../../cores/arduino_samd_mkrwan1310_ab960eb6e93c15758ab24ba6f3972f71/core.a(CDC.cpp.o)
                0x00000000000043b4                non-virtual thunk to Serial_::getShortName(char*)
 .text._ZN7Serial_5beginEm
                0x00000000000043c4        0x2 /Users/nicolasreyalonso/Library/Caches/arduino/sketches/3CC3DF17A4C40D296F81458C4C6C8AB4/../../cores/arduino_samd_mkrwan1310_ab960eb6e93c15758ab24ba6f3972f71/core.a(CDC.cpp.o)
                0x00000000000043c4                Serial_::begin(unsigned long)
 .text._ZN7Serial_5beginEmt
                0x00000000000043c6        0x2 /Users/nicolasreyalonso/Library/Caches/arduino/sketches/3CC3DF17A4C40D296F81458C4C6C8AB4/../../cores/arduino_samd_mkrwan1310_ab960eb6e93c15758ab24ba6f3972f71/core.a(CDC.cpp.o)
                0x00000000000043c6                Serial_::begin(unsigned long, unsigned short)
 .text._ZN7Serial_17availableForWriteEv
                0x00000000000043c8        0x4 /Users/nicolasreyalonso/Library/Caches/arduino/sketches/3CC3DF17A4C40D296F81458C4C6C8AB4/../../cores/arduino_samd_mkrwan1310_ab960eb6e93c15758ab24ba6f3972f71/core.a(CDC.cpp.o)
                0x00000000000043c8                Serial_::availableForWrite()
 .text._ZN7Serial_5writeEh
                0x00000000000043cc       0x14 /Users/nicolasreyalonso/Library/Caches/arduino/sketches/3CC3DF17A4C40D296F81458C4C6C8AB4/../../cores/arduino_samd_mkrwan1310_ab960eb6e93c15758ab24ba6f3972f71/core.a(CDC.cpp.o)
                0x00000000000043cc                Serial_::write(unsigned char)
 .text._ZN7Serial_12getInterfaceEPh
                0x00000000000043e0      0x11c /Users/nicolasreyalonso/Library/Caches/arduino/sketches/3CC3DF17A4C40D296F81458C4C6C8AB4/../../cores/arduino_samd_mkrwan1310_ab960eb6e93c15758ab24ba6f3972f71/core.a(CDC.cpp.o)
                0x00000000000043e0                Serial_::getInterface(unsigned char*)
 .text._ZThn16_N7Serial_12getInterfaceEPh
                0x00000000000044fc       0x10 /Users/nicolasreyalonso/Library/Caches/arduino/sketches/3CC3DF17A4C40D296F81458C4C6C8AB4/../../cores/arduino_samd_mkrwan1310_ab960eb6e93c15758ab24ba6f3972f71/core.a(CDC.cpp.o)
                0x00000000000044fc                non-virtual thunk to Serial_::getInterface(unsigned char*)
 .text._ZN7Serial_5setupERN7arduino8USBSetupE
                0x000000000000450c       0x9c /Users/nicolasreyalonso/Library/Caches/arduino/sketches/3CC3DF17A4C40D296F81458C4C6C8AB4/../../cores/arduino_samd_mkrwan1310_ab960eb6e93c15758ab24ba6f3972f71/core.a(CDC.cpp.o)
                0x000000000000450c                Serial_::setup(arduino::USBSetup&)
 .text._ZThn16_N7Serial_5setupERN7arduino8USBSetupE
                0x00000000000045a8       0x10 /Users/nicolasreyalonso/Library/Caches/arduino/sketches/3CC3DF17A4C40D296F81458C4C6C8AB4/../../cores/arduino_samd_mkrwan1310_ab960eb6e93c15758ab24ba6f3972f71/core.a(CDC.cpp.o)
                0x00000000000045a8                non-virtual thunk to Serial_::setup(arduino::USBSetup&)
 .text._ZN7Serial_3endEv
                0x00000000000045b8        0xe /Users/nicolasreyalonso/Library/Caches/arduino/sketches/3CC3DF17A4C40D296F81458C4C6C8AB4/../../cores/arduino_samd_mkrwan1310_ab960eb6e93c15758ab24ba6f3972f71/core.a(CDC.cpp.o)
                0x00000000000045b8                Serial_::end()
 *fill*         0x00000000000045c6        0x2 
 .text._ZN7Serial_9availableEv
                0x00000000000045c8       0x20 /Users/nicolasreyalonso/Library/Caches/arduino/sketches/3CC3DF17A4C40D296F81458C4C6C8AB4/../../cores/arduino_samd_mkrwan1310_ab960eb6e93c15758ab24ba6f3972f71/core.a(CDC.cpp.o)
                0x00000000000045c8                Serial_::available()
 .text._ZN7Serial_5flushEv
                0x00000000000045e8        0xe /Users/nicolasreyalonso/Library/Caches/arduino/sketches/3CC3DF17A4C40D296F81458C4C6C8AB4/../../cores/arduino_samd_mkrwan1310_ab960eb6e93c15758ab24ba6f3972f71/core.a(CDC.cpp.o)
                0x00000000000045e8                Serial_::flush()
 .text._ZN7Serial_5clearEv
                0x00000000000045f6        0xe /Users/nicolasreyalonso/Library/Caches/arduino/sketches/3CC3DF17A4C40D296F81458C4C6C8AB4/../../cores/arduino_samd_mkrwan1310_ab960eb6e93c15758ab24ba6f3972f71/core.a(CDC.cpp.o)
                0x00000000000045f6                Serial_::clear()
 .text._ZN7Serial_5writeEPKhj
                0x0000000000004604       0x1e /Users/nicolasreyalonso/Library/Caches/arduino/sketches/3CC3DF17A4C40D296F81458C4C6C8AB4/../../cores/arduino_samd_mkrwan1310_ab960eb6e93c15758ab24ba6f3972f71/core.a(CDC.cpp.o)
                0x0000000000004604                Serial_::write(unsigned char const*, unsigned int)
 *fill*         0x0000000000004622        0x2 
 .text._ZN7Serial_4peekEv
                0x0000000000004624       0x1c /Users/nicolasreyalonso/Library/Caches/arduino/sketches/3CC3DF17A4C40D296F81458C4C6C8AB4/../../cores/arduino_samd_mkrwan1310_ab960eb6e93c15758ab24ba6f3972f71/core.a(CDC.cpp.o)
                0x0000000000004624                Serial_::peek()
 .text._ZN7Serial_4readEv
                0x0000000000004640       0x24 /Users/nicolasreyalonso/Library/Caches/arduino/sketches/3CC3DF17A4C40D296F81458C4C6C8AB4/../../cores/arduino_samd_mkrwan1310_ab960eb6e93c15758ab24ba6f3972f71/core.a(CDC.cpp.o)
                0x0000000000004640                Serial_::read()
 .text._ZN7Serial_cvbEv
                0x0000000000004664       0x26 /Users/nicolasreyalonso/Library/Caches/arduino/sketches/3CC3DF17A4C40D296F81458C4C6C8AB4/../../cores/arduino_samd_mkrwan1310_ab960eb6e93c15758ab24ba6f3972f71/core.a(CDC.cpp.o)
                0x0000000000004664                Serial_::operator bool()
 .text._ZThn16_N7Serial_13getDescriptorERN7arduino8USBSetupE
                0x000000000000468a        0x4 /Users/nicolasreyalonso/Library/Caches/arduino/sketches/3CC3DF17A4C40D296F81458C4C6C8AB4/../../cores/arduino_samd_mkrwan1310_ab960eb6e93c15758ab24ba6f3972f71/core.a(CDC.cpp.o)
                0x000000000000468a                non-virtual thunk to Serial_::getDescriptor(arduino::USBSetup&)
 .text.resetExternalChip
                0x000000000000468e        0x2 /Users/nicolasreyalonso/Library/Caches/arduino/sketches/3CC3DF17A4C40D296F81458C4C6C8AB4/../../cores/arduino_samd_mkrwan1310_ab960eb6e93c15758ab24ba6f3972f71/core.a(CDC.cpp.o)
                0x000000000000468e                resetExternalChip
 .text._ZN7Serial_14handleEndpointEi
                0x0000000000004690        0x2 /Users/nicolasreyalonso/Library/Caches/arduino/sketches/3CC3DF17A4C40D296F81458C4C6C8AB4/../../cores/arduino_samd_mkrwan1310_ab960eb6e93c15758ab24ba6f3972f71/core.a(CDC.cpp.o)
                0x0000000000004690                Serial_::handleEndpoint(int)
 *fill*         0x0000000000004692        0x2 
 .text._ZN7Serial_C2ER14USBDeviceClass
                0x0000000000004694       0x5c /Users/nicolasreyalonso/Library/Caches/arduino/sketches/3CC3DF17A4C40D296F81458C4C6C8AB4/../../cores/arduino_samd_mkrwan1310_ab960eb6e93c15758ab24ba6f3972f71/core.a(CDC.cpp.o)
                0x0000000000004694                Serial_::Serial_(USBDeviceClass&)
                0x0000000000004694                Serial_::Serial_(USBDeviceClass&)
 .text._ZN7Serial_15enableInterruptEv
                0x00000000000046f0       0x30 /Users/nicolasreyalonso/Library/Caches/arduino/sketches/3CC3DF17A4C40D296F81458C4C6C8AB4/../../cores/arduino_samd_mkrwan1310_ab960eb6e93c15758ab24ba6f3972f71/core.a(CDC.cpp.o)
                0x00000000000046f0                Serial_::enableInterrupt()
 .text.startup._GLOBAL__sub_I__ZN7Serial_12getInterfaceEPh
                0x0000000000004720       0x14 /Users/nicolasreyalonso/Library/Caches/arduino/sketches/3CC3DF17A4C40D296F81458C4C6C8AB4/../../cores/arduino_samd_mkrwan1310_ab960eb6e93c15758ab24ba6f3972f71/core.a(CDC.cpp.o)
 .text._ZN26DoubleBufferedEPOutHandlerD2Ev
                0x0000000000004734        0x2 /Users/nicolasreyalonso/Library/Caches/arduino/sketches/3CC3DF17A4C40D296F81458C4C6C8AB4/../../cores/arduino_samd_mkrwan1310_ab960eb6e93c15758ab24ba6f3972f71/core.a(USBCore.cpp.o)
                0x0000000000004734                DoubleBufferedEPOutHandler::~DoubleBufferedEPOutHandler()
                0x0000000000004734                DoubleBufferedEPOutHandler::~DoubleBufferedEPOutHandler()
 .text._ZN26DoubleBufferedEPOutHandlerD0Ev
                0x0000000000004736        0xc /Users/nicolasreyalonso/Library/Caches/arduino/sketches/3CC3DF17A4C40D296F81458C4C6C8AB4/../../cores/arduino_samd_mkrwan1310_ab960eb6e93c15758ab24ba6f3972f71/core.a(USBCore.cpp.o)
                0x0000000000004736                DoubleBufferedEPOutHandler::~DoubleBufferedEPOutHandler()
 *fill*         0x0000000000004742        0x2 
 .text._ZN14USBDeviceClass6initEPEmm.part.7
                0x0000000000004744       0xc4 /Users/nicolasreyalonso/Library/Caches/arduino/sketches/3CC3DF17A4C40D296F81458C4C6C8AB4/../../cores/arduino_samd_mkrwan1310_ab960eb6e93c15758ab24ba6f3972f71/core.a(USBCore.cpp.o)
 .text._ZN7__GuardC2Ev
                0x0000000000004808        0xe /Users/nicolasreyalonso/Library/Caches/arduino/sketches/3CC3DF17A4C40D296F81458C4C6C8AB4/../../cores/arduino_samd_mkrwan1310_ab960eb6e93c15758ab24ba6f3972f71/core.a(USBCore.cpp.o)
                0x0000000000004808                __Guard::__Guard()
                0x0000000000004808                __Guard::__Guard()
 .text._ZN7__GuardD2Ev
                0x0000000000004816        0xe /Users/nicolasreyalonso/Library/Caches/arduino/sketches/3CC3DF17A4C40D296F81458C4C6C8AB4/../../cores/arduino_samd_mkrwan1310_ab960eb6e93c15758ab24ba6f3972f71/core.a(USBCore.cpp.o)
                0x0000000000004816                __Guard::~__Guard()
                0x0000000000004816                __Guard::~__Guard()
 .text._ZNK26DoubleBufferedEPOutHandler10_availableEv
                0x0000000000004824       0x70 /Users/nicolasreyalonso/Library/Caches/arduino/sketches/3CC3DF17A4C40D296F81458C4C6C8AB4/../../cores/arduino_samd_mkrwan1310_ab960eb6e93c15758ab24ba6f3972f71/core.a(USBCore.cpp.o)
                0x0000000000004824                DoubleBufferedEPOutHandler::_available() const
 .text._ZN26DoubleBufferedEPOutHandler7releaseEv
                0x0000000000004894       0x38 /Users/nicolasreyalonso/Library/Caches/arduino/sketches/3CC3DF17A4C40D296F81458C4C6C8AB4/../../cores/arduino_samd_mkrwan1310_ab960eb6e93c15758ab24ba6f3972f71/core.a(USBCore.cpp.o)
                0x0000000000004894                DoubleBufferedEPOutHandler::release()
 .text._ZN26DoubleBufferedEPOutHandler14handleEndpointEv
                0x00000000000048cc       0xe2 /Users/nicolasreyalonso/Library/Caches/arduino/sketches/3CC3DF17A4C40D296F81458C4C6C8AB4/../../cores/arduino_samd_mkrwan1310_ab960eb6e93c15758ab24ba6f3972f71/core.a(USBCore.cpp.o)
                0x00000000000048cc                DoubleBufferedEPOutHandler::handleEndpoint()
 .text._ZN14USBDeviceClass14SendInterfacesEPm
                0x00000000000049ae       0x20 /Users/nicolasreyalonso/Library/Caches/arduino/sketches/3CC3DF17A4C40D296F81458C4C6C8AB4/../../cores/arduino_samd_mkrwan1310_ab960eb6e93c15758ab24ba6f3972f71/core.a(USBCore.cpp.o)
                0x00000000000049ae                USBDeviceClass::SendInterfaces(unsigned long*)
 *fill*         0x00000000000049ce        0x2 
 .text._ZN14USBDeviceClass6attachEv
                0x00000000000049d0       0x34 /Users/nicolasreyalonso/Library/Caches/arduino/sketches/3CC3DF17A4C40D296F81458C4C6C8AB4/../../cores/arduino_samd_mkrwan1310_ab960eb6e93c15758ab24ba6f3972f71/core.a(USBCore.cpp.o)
                0x00000000000049d0                USBDeviceClass::attach()
 .text._ZN14USBDeviceClass10setAddressEm
                0x0000000000004a04       0x48 /Users/nicolasreyalonso/Library/Caches/arduino/sketches/3CC3DF17A4C40D296F81458C4C6C8AB4/../../cores/arduino_samd_mkrwan1310_ab960eb6e93c15758ab24ba6f3972f71/core.a(USBCore.cpp.o)
                0x0000000000004a04                USBDeviceClass::setAddress(unsigned long)
 .text._ZN14USBDeviceClass25handleClassInterfaceSetupERN7arduino8USBSetupE
                0x0000000000004a4c       0x24 /Users/nicolasreyalonso/Library/Caches/arduino/sketches/3CC3DF17A4C40D296F81458C4C6C8AB4/../../cores/arduino_samd_mkrwan1310_ab960eb6e93c15758ab24ba6f3972f71/core.a(USBCore.cpp.o)
                0x0000000000004a4c                USBDeviceClass::handleClassInterfaceSetup(arduino::USBSetup&)
 .text._ZN14USBDeviceClass6initEPEmm
                0x0000000000004a70      0x10c /Users/nicolasreyalonso/Library/Caches/arduino/sketches/3CC3DF17A4C40D296F81458C4C6C8AB4/../../cores/arduino_samd_mkrwan1310_ab960eb6e93c15758ab24ba6f3972f71/core.a(USBCore.cpp.o)
                0x0000000000004a70                USBDeviceClass::initEP(unsigned long, unsigned long)
 .text._ZN14USBDeviceClass13initEndpointsEv
                0x0000000000004b7c       0x24 /Users/nicolasreyalonso/Library/Caches/arduino/sketches/3CC3DF17A4C40D296F81458C4C6C8AB4/../../cores/arduino_samd_mkrwan1310_ab960eb6e93c15758ab24ba6f3972f71/core.a(USBCore.cpp.o)
                0x0000000000004b7c                USBDeviceClass::initEndpoints()
 .text._ZN14USBDeviceClass5clearEm
                0x0000000000004ba0       0x38 /Users/nicolasreyalonso/Library/Caches/arduino/sketches/3CC3DF17A4C40D296F81458C4C6C8AB4/../../cores/arduino_samd_mkrwan1310_ab960eb6e93c15758ab24ba6f3972f71/core.a(USBCore.cpp.o)
                0x0000000000004ba0                USBDeviceClass::clear(unsigned long)
 .text._ZN14USBDeviceClass9availableEm
                0x0000000000004bd8       0x2c /Users/nicolasreyalonso/Library/Caches/arduino/sketches/3CC3DF17A4C40D296F81458C4C6C8AB4/../../cores/arduino_samd_mkrwan1310_ab960eb6e93c15758ab24ba6f3972f71/core.a(USBCore.cpp.o)
                0x0000000000004bd8                USBDeviceClass::available(unsigned long)
 .text._ZN14USBDeviceClass5flushEm
                0x0000000000004c04       0x2c /Users/nicolasreyalonso/Library/Caches/arduino/sketches/3CC3DF17A4C40D296F81458C4C6C8AB4/../../cores/arduino_samd_mkrwan1310_ab960eb6e93c15758ab24ba6f3972f71/core.a(USBCore.cpp.o)
                0x0000000000004c04                USBDeviceClass::flush(unsigned long)
 .text._ZN14USBDeviceClass4recvEmPvm
                0x0000000000004c30       0xc0 /Users/nicolasreyalonso/Library/Caches/arduino/sketches/3CC3DF17A4C40D296F81458C4C6C8AB4/../../cores/arduino_samd_mkrwan1310_ab960eb6e93c15758ab24ba6f3972f71/core.a(USBCore.cpp.o)
                0x0000000000004c30                USBDeviceClass::recv(unsigned long, void*, unsigned long)
 .text._ZN14USBDeviceClass4recvEm
                0x0000000000004cf0       0x1c /Users/nicolasreyalonso/Library/Caches/arduino/sketches/3CC3DF17A4C40D296F81458C4C6C8AB4/../../cores/arduino_samd_mkrwan1310_ab960eb6e93c15758ab24ba6f3972f71/core.a(USBCore.cpp.o)
                0x0000000000004cf0                USBDeviceClass::recv(unsigned long)
 .text._ZN14USBDeviceClass14armRecvCtrlOUTEm
                0x0000000000004d0c       0x5c /Users/nicolasreyalonso/Library/Caches/arduino/sketches/3CC3DF17A4C40D296F81458C4C6C8AB4/../../cores/arduino_samd_mkrwan1310_ab960eb6e93c15758ab24ba6f3972f71/core.a(USBCore.cpp.o)
                0x0000000000004d0c                USBDeviceClass::armRecvCtrlOUT(unsigned long)
 .text._ZN14USBDeviceClass11recvControlEPvm
                0x0000000000004d68       0x28 /Users/nicolasreyalonso/Library/Caches/arduino/sketches/3CC3DF17A4C40D296F81458C4C6C8AB4/../../cores/arduino_samd_mkrwan1310_ab960eb6e93c15758ab24ba6f3972f71/core.a(USBCore.cpp.o)
                0x0000000000004d68                USBDeviceClass::recvControl(void*, unsigned long)
 .text._ZN14USBDeviceClass4sendEmPKvm
                0x0000000000004d90      0x10c /Users/nicolasreyalonso/Library/Caches/arduino/sketches/3CC3DF17A4C40D296F81458C4C6C8AB4/../../cores/arduino_samd_mkrwan1310_ab960eb6e93c15758ab24ba6f3972f71/core.a(USBCore.cpp.o)
                0x0000000000004d90                USBDeviceClass::send(unsigned long, void const*, unsigned long)
 .text._ZN14USBDeviceClass7armSendEmPKvm
                0x0000000000004e9c       0x48 /Users/nicolasreyalonso/Library/Caches/arduino/sketches/3CC3DF17A4C40D296F81458C4C6C8AB4/../../cores/arduino_samd_mkrwan1310_ab960eb6e93c15758ab24ba6f3972f71/core.a(USBCore.cpp.o)
                0x0000000000004e9c                USBDeviceClass::armSend(unsigned long, void const*, unsigned long)
 .text._ZN14USBDeviceClass11sendControlEPKvm
                0x0000000000004ee4       0x54 /Users/nicolasreyalonso/Library/Caches/arduino/sketches/3CC3DF17A4C40D296F81458C4C6C8AB4/../../cores/arduino_samd_mkrwan1310_ab960eb6e93c15758ab24ba6f3972f71/core.a(USBCore.cpp.o)
                0x0000000000004ee4                USBDeviceClass::sendControl(void const*, unsigned long)
 .text._ZN14USBDeviceClass20sendStringDescriptorEPKhm
                0x0000000000004f38       0x64 /Users/nicolasreyalonso/Library/Caches/arduino/sketches/3CC3DF17A4C40D296F81458C4C6C8AB4/../../cores/arduino_samd_mkrwan1310_ab960eb6e93c15758ab24ba6f3972f71/core.a(USBCore.cpp.o)
                0x0000000000004f38                USBDeviceClass::sendStringDescriptor(unsigned char const*, unsigned long)
 .text._ZN14USBDeviceClass17sendConfigurationEm
                0x0000000000004f9c       0x80 /Users/nicolasreyalonso/Library/Caches/arduino/sketches/3CC3DF17A4C40D296F81458C4C6C8AB4/../../cores/arduino_samd_mkrwan1310_ab960eb6e93c15758ab24ba6f3972f71/core.a(USBCore.cpp.o)
                0x0000000000004f9c                USBDeviceClass::sendConfiguration(unsigned long)
 .text._ZN14USBDeviceClass14sendDescriptorERN7arduino8USBSetupE
                0x000000000000501c       0xd8 /Users/nicolasreyalonso/Library/Caches/arduino/sketches/3CC3DF17A4C40D296F81458C4C6C8AB4/../../cores/arduino_samd_mkrwan1310_ab960eb6e93c15758ab24ba6f3972f71/core.a(USBCore.cpp.o)
                0x000000000000501c                USBDeviceClass::sendDescriptor(arduino::USBSetup&)
 .text._ZN14USBDeviceClass7sendZlpEm
                0x00000000000050f4       0x18 /Users/nicolasreyalonso/Library/Caches/arduino/sketches/3CC3DF17A4C40D296F81458C4C6C8AB4/../../cores/arduino_samd_mkrwan1310_ab960eb6e93c15758ab24ba6f3972f71/core.a(USBCore.cpp.o)
                0x00000000000050f4                USBDeviceClass::sendZlp(unsigned long)
 .text._ZN14USBDeviceClass19handleStandardSetupERN7arduino8USBSetupE
                0x000000000000510c       0xf0 /Users/nicolasreyalonso/Library/Caches/arduino/sketches/3CC3DF17A4C40D296F81458C4C6C8AB4/../../cores/arduino_samd_mkrwan1310_ab960eb6e93c15758ab24ba6f3972f71/core.a(USBCore.cpp.o)
                0x000000000000510c                USBDeviceClass::handleStandardSetup(arduino::USBSetup&)
 .text._ZN14USBDeviceClass10ISRHandlerEv
                0x00000000000051fc      0x108 /Users/nicolasreyalonso/Library/Caches/arduino/sketches/3CC3DF17A4C40D296F81458C4C6C8AB4/../../cores/arduino_samd_mkrwan1310_ab960eb6e93c15758ab24ba6f3972f71/core.a(USBCore.cpp.o)
                0x00000000000051fc                USBDeviceClass::ISRHandler()
 .text.UDD_Handler
                0x0000000000005304       0x10 /Users/nicolasreyalonso/Library/Caches/arduino/sketches/3CC3DF17A4C40D296F81458C4C6C8AB4/../../cores/arduino_samd_mkrwan1310_ab960eb6e93c15758ab24ba6f3972f71/core.a(USBCore.cpp.o)
                0x0000000000005304                UDD_Handler
 .text._ZN7arduino13PluggableUSB_C2Ev
                0x0000000000005314       0x10 /Users/nicolasreyalonso/Library/Caches/arduino/sketches/3CC3DF17A4C40D296F81458C4C6C8AB4/../../cores/arduino_samd_mkrwan1310_ab960eb6e93c15758ab24ba6f3972f71/core.a(USBCore.cpp.o)
                0x0000000000005314                arduino::PluggableUSB_::PluggableUSB_()
                0x0000000000005314                arduino::PluggableUSB_::PluggableUSB_()
 .text._Z8epBufferj
                0x0000000000005324        0xc /Users/nicolasreyalonso/Library/Caches/arduino/sketches/3CC3DF17A4C40D296F81458C4C6C8AB4/../../cores/arduino_samd_mkrwan1310_ab960eb6e93c15758ab24ba6f3972f71/core.a(USBCore.cpp.o)
                0x0000000000005324                epBuffer(unsigned int)
 .text._ZN7arduino11RingBufferNILi64EE10store_charEh
                0x0000000000005330       0x1c /Users/nicolasreyalonso/Library/Caches/arduino/sketches/3CC3DF17A4C40D296F81458C4C6C8AB4/../../cores/arduino_samd_mkrwan1310_ab960eb6e93c15758ab24ba6f3972f71/core.a(USBCore.cpp.o)
                0x0000000000005330                arduino::RingBufferN<64>::store_char(unsigned char)
 .text._ZN26DoubleBufferedEPOutHandler5_recvEv
                0x000000000000534c      0x15e /Users/nicolasreyalonso/Library/Caches/arduino/sketches/3CC3DF17A4C40D296F81458C4C6C8AB4/../../cores/arduino_samd_mkrwan1310_ab960eb6e93c15758ab24ba6f3972f71/core.a(USBCore.cpp.o)
                0x000000000000534c                DoubleBufferedEPOutHandler::_recv()
 .text._ZN26DoubleBufferedEPOutHandler9availableEv
                0x00000000000054aa        0xc /Users/nicolasreyalonso/Library/Caches/arduino/sketches/3CC3DF17A4C40D296F81458C4C6C8AB4/../../cores/arduino_samd_mkrwan1310_ab960eb6e93c15758ab24ba6f3972f71/core.a(USBCore.cpp.o)
                0x00000000000054aa                DoubleBufferedEPOutHandler::available()
 .text._ZN26DoubleBufferedEPOutHandler4peekEv
                0x00000000000054b6       0x1c /Users/nicolasreyalonso/Library/Caches/arduino/sketches/3CC3DF17A4C40D296F81458C4C6C8AB4/../../cores/arduino_samd_mkrwan1310_ab960eb6e93c15758ab24ba6f3972f71/core.a(USBCore.cpp.o)
                0x00000000000054b6                DoubleBufferedEPOutHandler::peek()
 .text._ZN26DoubleBufferedEPOutHandler4recvEPvm
                0x00000000000054d2       0x60 /Users/nicolasreyalonso/Library/Caches/arduino/sketches/3CC3DF17A4C40D296F81458C4C6C8AB4/../../cores/arduino_samd_mkrwan1310_ab960eb6e93c15758ab24ba6f3972f71/core.a(USBCore.cpp.o)
                0x00000000000054d2                DoubleBufferedEPOutHandler::recv(void*, unsigned long)
 *fill*         0x0000000000005532        0x2 
 .text.startup._GLOBAL__sub_I_usbd
                0x0000000000005534       0x10 /Users/nicolasreyalonso/Library/Caches/arduino/sketches/3CC3DF17A4C40D296F81458C4C6C8AB4/../../cores/arduino_samd_mkrwan1310_ab960eb6e93c15758ab24ba6f3972f71/core.a(USBCore.cpp.o)
 .text._ZN14USBDeviceClass4initEv
                0x0000000000005544      0x15c /Users/nicolasreyalonso/Library/Caches/arduino/sketches/3CC3DF17A4C40D296F81458C4C6C8AB4/../../cores/arduino_samd_mkrwan1310_ab960eb6e93c15758ab24ba6f3972f71/core.a(USBCore.cpp.o)
                0x0000000000005544                USBDeviceClass::init()
 .text._ZN4UartcvbEv
                0x00000000000056a0        0x4 /Users/nicolasreyalonso/Library/Caches/arduino/sketches/3CC3DF17A4C40D296F81458C4C6C8AB4/../../cores/arduino_samd_mkrwan1310_ab960eb6e93c15758ab24ba6f3972f71/core.a(Uart.cpp.o)
                0x00000000000056a0                Uart::operator bool()
 .text._ZN4Uart5beginEm
                0x00000000000056a4       0x10 /Users/nicolasreyalonso/Library/Caches/arduino/sketches/3CC3DF17A4C40D296F81458C4C6C8AB4/../../cores/arduino_samd_mkrwan1310_ab960eb6e93c15758ab24ba6f3972f71/core.a(Uart.cpp.o)
                0x00000000000056a4                Uart::begin(unsigned long)
 .text._ZN4Uart9availableEv
                0x00000000000056b4        0x6 /Users/nicolasreyalonso/Library/Caches/arduino/sketches/3CC3DF17A4C40D296F81458C4C6C8AB4/../../cores/arduino_samd_mkrwan1310_ab960eb6e93c15758ab24ba6f3972f71/core.a(Uart.cpp.o)
                0x00000000000056b4                Uart::available()
 .text._ZN4Uart17availableForWriteEv
                0x00000000000056ba       0x10 /Users/nicolasreyalonso/Library/Caches/arduino/sketches/3CC3DF17A4C40D296F81458C4C6C8AB4/../../cores/arduino_samd_mkrwan1310_ab960eb6e93c15758ab24ba6f3972f71/core.a(Uart.cpp.o)
                0x00000000000056ba                Uart::availableForWrite()
 .text._ZN4Uart4peekEv
                0x00000000000056ca       0x18 /Users/nicolasreyalonso/Library/Caches/arduino/sketches/3CC3DF17A4C40D296F81458C4C6C8AB4/../../cores/arduino_samd_mkrwan1310_ab960eb6e93c15758ab24ba6f3972f71/core.a(Uart.cpp.o)
                0x00000000000056ca                Uart::peek()
 .text._ZN4Uart3endEv
                0x00000000000056e2       0x24 /Users/nicolasreyalonso/Library/Caches/arduino/sketches/3CC3DF17A4C40D296F81458C4C6C8AB4/../../cores/arduino_samd_mkrwan1310_ab960eb6e93c15758ab24ba6f3972f71/core.a(Uart.cpp.o)
                0x00000000000056e2                Uart::end()
 .text._ZN4Uart5flushEv
                0x0000000000005706       0x16 /Users/nicolasreyalonso/Library/Caches/arduino/sketches/3CC3DF17A4C40D296F81458C4C6C8AB4/../../cores/arduino_samd_mkrwan1310_ab960eb6e93c15758ab24ba6f3972f71/core.a(Uart.cpp.o)
                0x0000000000005706                Uart::flush()
 .text._ZN4Uart16extractNbStopBitEt
                0x000000000000571c        0xc /Users/nicolasreyalonso/Library/Caches/arduino/sketches/3CC3DF17A4C40D296F81458C4C6C8AB4/../../cores/arduino_samd_mkrwan1310_ab960eb6e93c15758ab24ba6f3972f71/core.a(Uart.cpp.o)
                0x000000000000571c                Uart::extractNbStopBit(unsigned short)
 .text._ZN4Uart15extractCharSizeEt
                0x0000000000005728       0x28 /Users/nicolasreyalonso/Library/Caches/arduino/sketches/3CC3DF17A4C40D296F81458C4C6C8AB4/../../cores/arduino_samd_mkrwan1310_ab960eb6e93c15758ab24ba6f3972f71/core.a(Uart.cpp.o)
                0x0000000000005728                Uart::extractCharSize(unsigned short)
 .text._ZN4Uart13extractParityEt
                0x0000000000005750       0x14 /Users/nicolasreyalonso/Library/Caches/arduino/sketches/3CC3DF17A4C40D296F81458C4C6C8AB4/../../cores/arduino_samd_mkrwan1310_ab960eb6e93c15758ab24ba6f3972f71/core.a(Uart.cpp.o)
                0x0000000000005750                Uart::extractParity(unsigned short)
 .text._ZN4Uart5beginEmt
                0x0000000000005764       0xf8 /Users/nicolasreyalonso/Library/Caches/arduino/sketches/3CC3DF17A4C40D296F81458C4C6C8AB4/../../cores/arduino_samd_mkrwan1310_ab960eb6e93c15758ab24ba6f3972f71/core.a(Uart.cpp.o)
                0x0000000000005764                Uart::begin(unsigned long, unsigned short)
 .text._ZN7arduino11RingBufferNILi256EEC2Ev
                0x000000000000585c       0x1e /Users/nicolasreyalonso/Library/Caches/arduino/sketches/3CC3DF17A4C40D296F81458C4C6C8AB4/../../cores/arduino_samd_mkrwan1310_ab960eb6e93c15758ab24ba6f3972f71/core.a(Uart.cpp.o)
                0x000000000000585c                arduino::RingBufferN<256>::RingBufferN()
                0x000000000000585c                arduino::RingBufferN<256>::RingBufferN()
 *fill*         0x000000000000587a        0x2 
 .text._ZN4UartC2EP6SERCOMhh11SercomRXPad15SercomUartTXPad
                0x000000000000587c       0x74 /Users/nicolasreyalonso/Library/Caches/arduino/sketches/3CC3DF17A4C40D296F81458C4C6C8AB4/../../cores/arduino_samd_mkrwan1310_ab960eb6e93c15758ab24ba6f3972f71/core.a(Uart.cpp.o)
                0x000000000000587c                Uart::Uart(SERCOM*, unsigned char, unsigned char, SercomRXPad, SercomUartTXPad)
                0x000000000000587c                Uart::Uart(SERCOM*, unsigned char, unsigned char, SercomRXPad, SercomUartTXPad)
 .text._ZN7arduino15SafeRingBufferNILi256EE10store_charEh
                0x00000000000058f0       0x4a /Users/nicolasreyalonso/Library/Caches/arduino/sketches/3CC3DF17A4C40D296F81458C4C6C8AB4/../../cores/arduino_samd_mkrwan1310_ab960eb6e93c15758ab24ba6f3972f71/core.a(Uart.cpp.o)
                0x00000000000058f0                arduino::SafeRingBufferN<256>::store_char(unsigned char)
 .text._ZN7arduino15SafeRingBufferNILi256EE9read_charEv
                0x000000000000593a       0x50 /Users/nicolasreyalonso/Library/Caches/arduino/sketches/3CC3DF17A4C40D296F81458C4C6C8AB4/../../cores/arduino_samd_mkrwan1310_ab960eb6e93c15758ab24ba6f3972f71/core.a(Uart.cpp.o)
                0x000000000000593a                arduino::SafeRingBufferN<256>::read_char()
 .text._ZN4Uart10IrqHandlerEv
                0x000000000000598a       0xa4 /Users/nicolasreyalonso/Library/Caches/arduino/sketches/3CC3DF17A4C40D296F81458C4C6C8AB4/../../cores/arduino_samd_mkrwan1310_ab960eb6e93c15758ab24ba6f3972f71/core.a(Uart.cpp.o)
                0x000000000000598a                Uart::IrqHandler()
 *fill*         0x0000000000005a2e        0x2 
 .text._ZN4Uart5writeEh
                0x0000000000005a30       0x9c /Users/nicolasreyalonso/Library/Caches/arduino/sketches/3CC3DF17A4C40D296F81458C4C6C8AB4/../../cores/arduino_samd_mkrwan1310_ab960eb6e93c15758ab24ba6f3972f71/core.a(Uart.cpp.o)
                0x0000000000005a30                Uart::write(unsigned char)
 .text._ZN4Uart4readEv
                0x0000000000005acc       0x34 /Users/nicolasreyalonso/Library/Caches/arduino/sketches/3CC3DF17A4C40D296F81458C4C6C8AB4/../../cores/arduino_samd_mkrwan1310_ab960eb6e93c15758ab24ba6f3972f71/core.a(Uart.cpp.o)
                0x0000000000005acc                Uart::read()
 .text.attachInterrupt
                0x0000000000005b00      0x130 /Users/nicolasreyalonso/Library/Caches/arduino/sketches/3CC3DF17A4C40D296F81458C4C6C8AB4/../../cores/arduino_samd_mkrwan1310_ab960eb6e93c15758ab24ba6f3972f71/core.a(WInterrupts.c.o)
                0x0000000000005b00                attachInterrupt
 .text.detachInterrupt
                0x0000000000005c30       0x74 /Users/nicolasreyalonso/Library/Caches/arduino/sketches/3CC3DF17A4C40D296F81458C4C6C8AB4/../../cores/arduino_samd_mkrwan1310_ab960eb6e93c15758ab24ba6f3972f71/core.a(WInterrupts.c.o)
                0x0000000000005c30                detachInterrupt
 .text.EIC_Handler
                0x0000000000005ca4       0x3c /Users/nicolasreyalonso/Library/Caches/arduino/sketches/3CC3DF17A4C40D296F81458C4C6C8AB4/../../cores/arduino_samd_mkrwan1310_ab960eb6e93c15758ab24ba6f3972f71/core.a(WInterrupts.c.o)
                0x0000000000005ca4                EIC_Handler
 .text._ZN7arduino13PluggableUSB_12getInterfaceEPh
                0x0000000000005ce0       0x28 /Users/nicolasreyalonso/Library/Caches/arduino/sketches/3CC3DF17A4C40D296F81458C4C6C8AB4/../../cores/arduino_samd_mkrwan1310_ab960eb6e93c15758ab24ba6f3972f71/core.a(PluggableUSB.cpp.o)
                0x0000000000005ce0                arduino::PluggableUSB_::getInterface(unsigned char*)
 .text._ZN7arduino13PluggableUSB_13getDescriptorERNS_8USBSetupE
                0x0000000000005d08       0x20 /Users/nicolasreyalonso/Library/Caches/arduino/sketches/3CC3DF17A4C40D296F81458C4C6C8AB4/../../cores/arduino_samd_mkrwan1310_ab960eb6e93c15758ab24ba6f3972f71/core.a(PluggableUSB.cpp.o)
                0x0000000000005d08                arduino::PluggableUSB_::getDescriptor(arduino::USBSetup&)
 .text._ZN7arduino13PluggableUSB_12getShortNameEPc
                0x0000000000005d28       0x1e /Users/nicolasreyalonso/Library/Caches/arduino/sketches/3CC3DF17A4C40D296F81458C4C6C8AB4/../../cores/arduino_samd_mkrwan1310_ab960eb6e93c15758ab24ba6f3972f71/core.a(PluggableUSB.cpp.o)
                0x0000000000005d28                arduino::PluggableUSB_::getShortName(char*)
 .text._ZN7arduino13PluggableUSB_5setupERNS_8USBSetupE
                0x0000000000005d46       0x20 /Users/nicolasreyalonso/Library/Caches/arduino/sketches/3CC3DF17A4C40D296F81458C4C6C8AB4/../../cores/arduino_samd_mkrwan1310_ab960eb6e93c15758ab24ba6f3972f71/core.a(PluggableUSB.cpp.o)
                0x0000000000005d46                arduino::PluggableUSB_::setup(arduino::USBSetup&)
 .text._ZN7arduino13PluggableUSB_4plugEPNS_18PluggableUSBModuleE
                0x0000000000005d66       0x5c /Users/nicolasreyalonso/Library/Caches/arduino/sketches/3CC3DF17A4C40D296F81458C4C6C8AB4/../../cores/arduino_samd_mkrwan1310_ab960eb6e93c15758ab24ba6f3972f71/core.a(PluggableUSB.cpp.o)
                0x0000000000005d66                arduino::PluggableUSB_::plug(arduino::PluggableUSBModule*)
 *fill*         0x0000000000005dc2        0x2 
 .text._Z12PluggableUSBv
                0x0000000000005dc4       0x24 /Users/nicolasreyalonso/Library/Caches/arduino/sketches/3CC3DF17A4C40D296F81458C4C6C8AB4/../../cores/arduino_samd_mkrwan1310_ab960eb6e93c15758ab24ba6f3972f71/core.a(PluggableUSB.cpp.o)
                0x0000000000005dc4                PluggableUSB()
 .text._ZN7arduino5Print5writeEPKhj
                0x0000000000005de8       0x28 /Users/nicolasreyalonso/Library/Caches/arduino/sketches/3CC3DF17A4C40D296F81458C4C6C8AB4/../../cores/arduino_samd_mkrwan1310_ab960eb6e93c15758ab24ba6f3972f71/core.a(Print.cpp.o)
                0x0000000000005de8                arduino::Print::write(unsigned char const*, unsigned int)
 .text._ZN7arduino5Print5writeEPKc.part.2
                0x0000000000005e10       0x1a /Users/nicolasreyalonso/Library/Caches/arduino/sketches/3CC3DF17A4C40D296F81458C4C6C8AB4/../../cores/arduino_samd_mkrwan1310_ab960eb6e93c15758ab24ba6f3972f71/core.a(Print.cpp.o)
 .text._ZN7arduino5Print5writeEPKc
                0x0000000000005e2a       0x10 /Users/nicolasreyalonso/Library/Caches/arduino/sketches/3CC3DF17A4C40D296F81458C4C6C8AB4/../../cores/arduino_samd_mkrwan1310_ab960eb6e93c15758ab24ba6f3972f71/core.a(Print.cpp.o)
                0x0000000000005e2a                arduino::Print::write(char const*)
 .text._ZN7arduino5Print5printEPKc
                0x0000000000005e3a        0x8 /Users/nicolasreyalonso/Library/Caches/arduino/sketches/3CC3DF17A4C40D296F81458C4C6C8AB4/../../cores/arduino_samd_mkrwan1310_ab960eb6e93c15758ab24ba6f3972f71/core.a(Print.cpp.o)
                0x0000000000005e3a                arduino::Print::print(char const*)
 .text._ZN7arduino5Print5printEc
                0x0000000000005e42        0xa /Users/nicolasreyalonso/Library/Caches/arduino/sketches/3CC3DF17A4C40D296F81458C4C6C8AB4/../../cores/arduino_samd_mkrwan1310_ab960eb6e93c15758ab24ba6f3972f71/core.a(Print.cpp.o)
                0x0000000000005e42                arduino::Print::print(char)
 .text._ZN7arduino5Print7printlnEv
                0x0000000000005e4c       0x10 /Users/nicolasreyalonso/Library/Caches/arduino/sketches/3CC3DF17A4C40D296F81458C4C6C8AB4/../../cores/arduino_samd_mkrwan1310_ab960eb6e93c15758ab24ba6f3972f71/core.a(Print.cpp.o)
                0x0000000000005e4c                arduino::Print::println()
 .text._ZN7arduino5Print7printlnEPKc
                0x0000000000005e5c       0x14 /Users/nicolasreyalonso/Library/Caches/arduino/sketches/3CC3DF17A4C40D296F81458C4C6C8AB4/../../cores/arduino_samd_mkrwan1310_ab960eb6e93c15758ab24ba6f3972f71/core.a(Print.cpp.o)
                0x0000000000005e5c                arduino::Print::println(char const*)
 .text._ZN7arduino5Print11printNumberEmh
                0x0000000000005e70       0x48 /Users/nicolasreyalonso/Library/Caches/arduino/sketches/3CC3DF17A4C40D296F81458C4C6C8AB4/../../cores/arduino_samd_mkrwan1310_ab960eb6e93c15758ab24ba6f3972f71/core.a(Print.cpp.o)
                0x0000000000005e70                arduino::Print::printNumber(unsigned long, unsigned char)
 .text._ZN7arduino5Print5printEli
                0x0000000000005eb8       0x3e /Users/nicolasreyalonso/Library/Caches/arduino/sketches/3CC3DF17A4C40D296F81458C4C6C8AB4/../../cores/arduino_samd_mkrwan1310_ab960eb6e93c15758ab24ba6f3972f71/core.a(Print.cpp.o)
                0x0000000000005eb8                arduino::Print::print(long, int)
 .text._ZN7arduino5Print5printEii
                0x0000000000005ef6        0x8 /Users/nicolasreyalonso/Library/Caches/arduino/sketches/3CC3DF17A4C40D296F81458C4C6C8AB4/../../cores/arduino_samd_mkrwan1310_ab960eb6e93c15758ab24ba6f3972f71/core.a(Print.cpp.o)
                0x0000000000005ef6                arduino::Print::print(int, int)
 .text._ZN7arduino5Print5printEmi
                0x0000000000005efe       0x18 /Users/nicolasreyalonso/Library/Caches/arduino/sketches/3CC3DF17A4C40D296F81458C4C6C8AB4/../../cores/arduino_samd_mkrwan1310_ab960eb6e93c15758ab24ba6f3972f71/core.a(Print.cpp.o)
                0x0000000000005efe                arduino::Print::print(unsigned long, int)
 .text._ZN7arduino5Print5printEhi
                0x0000000000005f16        0x8 /Users/nicolasreyalonso/Library/Caches/arduino/sketches/3CC3DF17A4C40D296F81458C4C6C8AB4/../../cores/arduino_samd_mkrwan1310_ab960eb6e93c15758ab24ba6f3972f71/core.a(Print.cpp.o)
                0x0000000000005f16                arduino::Print::print(unsigned char, int)
 .text._ZN7arduino5Print7printlnEhi
                0x0000000000005f1e       0x14 /Users/nicolasreyalonso/Library/Caches/arduino/sketches/3CC3DF17A4C40D296F81458C4C6C8AB4/../../cores/arduino_samd_mkrwan1310_ab960eb6e93c15758ab24ba6f3972f71/core.a(Print.cpp.o)
                0x0000000000005f1e                arduino::Print::println(unsigned char, int)
 *fill*         0x0000000000005f32        0x2 
 .text._ZN7arduino5Print10printFloatEdi
                0x0000000000005f34      0x170 /Users/nicolasreyalonso/Library/Caches/arduino/sketches/3CC3DF17A4C40D296F81458C4C6C8AB4/../../cores/arduino_samd_mkrwan1310_ab960eb6e93c15758ab24ba6f3972f71/core.a(Print.cpp.o)
                0x0000000000005f34                arduino::Print::printFloat(double, int)
 .text._ZN7arduino5Print7printlnEdi
                0x00000000000060a4       0x18 /Users/nicolasreyalonso/Library/Caches/arduino/sketches/3CC3DF17A4C40D296F81458C4C6C8AB4/../../cores/arduino_samd_mkrwan1310_ab960eb6e93c15758ab24ba6f3972f71/core.a(Print.cpp.o)
                0x00000000000060a4                arduino::Print::println(double, int)
 .text._ZN7arduino6Stream10setTimeoutEm
                0x00000000000060bc        0x4 /Users/nicolasreyalonso/Library/Caches/arduino/sketches/3CC3DF17A4C40D296F81458C4C6C8AB4/../../cores/arduino_samd_mkrwan1310_ab960eb6e93c15758ab24ba6f3972f71/core.a(Stream.cpp.o)
                0x00000000000060bc                arduino::Stream::setTimeout(unsigned long)
 .text.Dummy_Handler
                0x00000000000060c0        0x2 /Users/nicolasreyalonso/Library/Caches/arduino/sketches/3CC3DF17A4C40D296F81458C4C6C8AB4/../../cores/arduino_samd_mkrwan1310_ab960eb6e93c15758ab24ba6f3972f71/core.a(cortex_handlers.c.o)
                0x00000000000060c0                SYSCTRL_Handler
                0x00000000000060c0                HardFault_Handler
                0x00000000000060c0                AC_Handler
                0x00000000000060c0                PendSV_Handler
                0x00000000000060c0                NMI_Handler
                0x00000000000060c0                TC7_Handler
                0x00000000000060c0                SERCOM1_Handler
                0x00000000000060c0                ADC_Handler
                0x00000000000060c0                TCC1_Handler
                0x00000000000060c0                TCC0_Handler
                0x00000000000060c0                RTC_Handler
                0x00000000000060c0                TC6_Handler
                0x00000000000060c0                WDT_Handler
                0x00000000000060c0                TC4_Handler
                0x00000000000060c0                TC3_Handler
                0x00000000000060c0                Dummy_Handler
                0x00000000000060c0                PM_Handler
                0x00000000000060c0                SVC_Handler
                0x00000000000060c0                TCC2_Handler
                0x00000000000060c0                EVSYS_Handler
                0x00000000000060c0                SERCOM3_Handler
                0x00000000000060c0                I2S_Handler
                0x00000000000060c0                NVMCTRL_Handler
                0x00000000000060c0                SERCOM0_Handler
                0x00000000000060c0                DAC_Handler
                0x00000000000060c0                PTC_Handler
                0x00000000000060c0                DMAC_Handler
 *fill*         0x00000000000060c2        0x2 
 .text.USB_Handler
                0x00000000000060c4       0x14 /Users/nicolasreyalonso/Library/Caches/arduino/sketches/3CC3DF17A4C40D296F81458C4C6C8AB4/../../cores/arduino_samd_mkrwan1310_ab960eb6e93c15758ab24ba6f3972f71/core.a(cortex_handlers.c.o)
                0x00000000000060c4                USB_Handler
 .text.Reset_Handler
                0x00000000000060d8       0x54 /Users/nicolasreyalonso/Library/Caches/arduino/sketches/3CC3DF17A4C40D296F81458C4C6C8AB4/../../cores/arduino_samd_mkrwan1310_ab960eb6e93c15758ab24ba6f3972f71/core.a(cortex_handlers.c.o)
                0x00000000000060d8                Reset_Handler
 .text.SysTick_Handler
                0x000000000000612c       0x10 /Users/nicolasreyalonso/Library/Caches/arduino/sketches/3CC3DF17A4C40D296F81458C4C6C8AB4/../../cores/arduino_samd_mkrwan1310_ab960eb6e93c15758ab24ba6f3972f71/core.a(cortex_handlers.c.o)
                0x000000000000612c                SysTick_Handler
 .text.USB_SetHandler
                0x000000000000613c        0xc /Users/nicolasreyalonso/Library/Caches/arduino/sketches/3CC3DF17A4C40D296F81458C4C6C8AB4/../../cores/arduino_samd_mkrwan1310_ab960eb6e93c15758ab24ba6f3972f71/core.a(cortex_handlers.c.o)
                0x000000000000613c                USB_SetHandler
 .text.millis   0x0000000000006148        0xc /Users/nicolasreyalonso/Library/Caches/arduino/sketches/3CC3DF17A4C40D296F81458C4C6C8AB4/../../cores/arduino_samd_mkrwan1310_ab960eb6e93c15758ab24ba6f3972f71/core.a(delay.c.o)
                0x0000000000006148                millis
 .text.micros   0x0000000000006154       0x60 /Users/nicolasreyalonso/Library/Caches/arduino/sketches/3CC3DF17A4C40D296F81458C4C6C8AB4/../../cores/arduino_samd_mkrwan1310_ab960eb6e93c15758ab24ba6f3972f71/core.a(delay.c.o)
                0x0000000000006154                micros
 .text.delay    0x00000000000061b4       0x30 /Users/nicolasreyalonso/Library/Caches/arduino/sketches/3CC3DF17A4C40D296F81458C4C6C8AB4/../../cores/arduino_samd_mkrwan1310_ab960eb6e93c15758ab24ba6f3972f71/core.a(delay.c.o)
                0x00000000000061b4                delay
 .text.SysTick_DefaultHandler
                0x00000000000061e4       0x14 /Users/nicolasreyalonso/Library/Caches/arduino/sketches/3CC3DF17A4C40D296F81458C4C6C8AB4/../../cores/arduino_samd_mkrwan1310_ab960eb6e93c15758ab24ba6f3972f71/core.a(delay.c.o)
                0x00000000000061e4                SysTick_DefaultHandler
 .text.__empty  0x00000000000061f8        0x2 /Users/nicolasreyalonso/Library/Caches/arduino/sketches/3CC3DF17A4C40D296F81458C4C6C8AB4/../../cores/arduino_samd_mkrwan1310_ab960eb6e93c15758ab24ba6f3972f71/core.a(hooks.c.o)
                0x00000000000061f8                yield
 .text.__false  0x00000000000061fa        0x4 /Users/nicolasreyalonso/Library/Caches/arduino/sketches/3CC3DF17A4C40D296F81458C4C6C8AB4/../../cores/arduino_samd_mkrwan1310_ab960eb6e93c15758ab24ba6f3972f71/core.a(hooks.c.o)
                0x00000000000061fa                sysTickHook
 *fill*         0x00000000000061fe        0x2 
 .text.startup.main
                0x0000000000006200       0x40 /Users/nicolasreyalonso/Library/Caches/arduino/sketches/3CC3DF17A4C40D296F81458C4C6C8AB4/../../cores/arduino_samd_mkrwan1310_ab960eb6e93c15758ab24ba6f3972f71/core.a(main.cpp.o)
                0x0000000000006200                main